[www.narutox.ge/index.html]
[backblue.gif]
[fade.gif]
[index.html]
[www.narutox.ge/Anime/slider/styles.css]
[www.narutox.ge/nx/fonts/alk_rounded/alk-rounded-mtav-med.min.css]
[www.narutox.ge/GET]
[www.narutox.ge/php/livesearch/live03d2.html]
[www.narutox.ge/.s/src/base.min.css]
[www.narutox.ge/.s/src/layer7.min.css]
[www.narutox.ge/.s/src/ulightbox/ulightbox.min.css]
[www.narutox.ge/.s/src/social4.css]
[www.narutox.ge/Anime/slider/Untitled-3.png]
[www.narutox.ge/.s/src/ulightbox/ulightbox.min.js]
[www.narutox.ge/.s/src/jquery-1.12.4.min.js]
[www.narutox.ge/Anime/avs/css/font-awesome.min.css]
[www.narutox.ge/online/anime.html]
[www.narutox.ge/Anime/slider/slick.css]
[www.narutox.ge/online/sword_art_online_ii_phantom_bullet/1-1-0-7.html]
[www.narutox.ge/_ld/0/59583934.jpg]
[www.narutox.ge/Anime/slider/slick.js]
[www.narutox.ge/online/overlord_tv1/1-1-0-13.html]
[www.narutox.ge/.s/src/uwnd.min.js]
[www.narutox.ge/_ld/0/02225440.jpg]
[www.narutox.ge/online/overlord_iii_tv3/1-1-0-16.html]
[www.narutox.ge/_ld/0/45067116.jpg]
[www.narutox.ge/online/sword_art_online_alicization/1-1-0-8.html]
[www.narutox.ge/_ld/0/80767926.jpg]
[www.narutox.ge/online/arifureta_shokugyou_de_sekai_saikyou_arifureta_from_commonplace_to_world_39_s_strongest/1-1-0-35.html]
[www.narutox.ge/_ld/0/63236654.jpg]
[www.narutox.ge/online/dr_stone_stone_wars/1-1-0-48.html]
[www.narutox.ge/_ld/0/29955687.jpg]
[www.narutox.ge/online/mushoku_tensei_jobless_reincarnation/1-1-0-51.html]
[www.narutox.ge/anime/index.html]
[www.narutox.ge/_ld/0/75996467.jpg]
[www.narutox.ge/online/jojo_39_s_bizarre_adventure_golden_wind/1-1-0-22.html]
[www.narutox.ge/_ld/0/20871734.jpg]
[www.narutox.ge/online/attack_on_titan_final_season/1-1-0-26.html]
[www.narutox.ge/_ld/0/07095870.jpg]
[www.narutox.ge/online/tensei_shitara_shachiku_datta_ken_that_time_i_got_reincarnated_as_a_slime/1-1-0-54.html]
[www.narutox.ge/_ld/0/16768256.jpg]
[www.narutox.ge/online/that_time_i_got_reincarnated_as_a_slime_season_2/1-1-0-49.html]
[www.narutox.ge/_ld/0/38387236.jpg]
[www.narutox.ge/online/how_not_to_summon_a_demon_lord_w_isekai_maou_to_shoukan_shoujo_no_dorei_majutsu_w/1-1-0-53.html]
[www.narutox.ge/_ld/0/45258547.jpg]
[www.narutox.ge/online/how_not_to_summon_a_demon_lord/1-1-0-37.html]
[www.narutox.ge/_ld/0/26574517.jpg]
[www.narutox.ge/online/boruto_naruto_next_generations/1-1-0-27.html]
[www.narutox.ge/_ld/0/88140243.jpg]
[www.narutox.ge/online/ore_dake_haireru_kakushi_dungeon_the_hidden_dungeon_only_i_can_enter/1-1-0-46.html]
[www.narutox.ge/_ld/0/77357126.jpg]
[www.narutox.ge/online/kumo_desu_ga_nanika_so_i_39_m_a_spider_so_what/1-1-0-45.html]
[www.narutox.ge/_ld/0/44023115.jpg]
[www.narutox.ge/online/trinity_seven/1-1-0-52.html]
[www.narutox.ge/_ld/0/68207462.jpg]
[www.narutox.ge/stat/1656256384.gif]
[www.narutox.ge/index.html]
[www.narutox.ge/Anime/slider/1871943.png]
[www.narutox.ge/panel/indexac46.html]
[www.narutox.ge/img/SearchLoad.gif]
[www.narutox.ge/img/farant.png]
[www.narutox.ge/Anime/slider/play1.png]
[www.narutox.ge/Anime/slider/watch.png]
[www.narutox.ge/Anime/slider/Untitled-5.png]
[www.narutox.ge/Anime/slider/styles.css]
[www.narutox.ge/nx/fonts/alk_rounded/alk-rounded-mtav-med-webfont.eot]
[www.narutox.ge/nx/fonts/alk_rounded/alk-rounded-mtav-med.min.css]
[www.narutox.ge/GET.html]
[www.narutox.ge/php/livesearch/live03d2.html]
[www.narutox.ge/.s/img/sh/wait.gif]
[www.narutox.ge/.s/img/fr/OmnD.gif]
[www.narutox.ge/.s/img/fr/OmnD_.gif]
[www.narutox.ge/.s/src/panel-v2/img/select_arrow.png]
[www.narutox.ge/.s/src/panel-v2/img/select_disabled_arrow.png]
[www.narutox.ge/.s/src/moder_panel/src/moder.png]
[www.narutox.ge/.s/src/moder_panel/src/moder-dark.png]
[www.narutox.ge/.s/img/wd/7/cmp-bg.gif]
[www.narutox.ge/.s/img/fr/searchbg.png]
[www.narutox.ge/.s/img/icon/del.png]
[www.narutox.ge/.s/src/base.min.css]
[www.narutox.ge/.s/img/wd/7/ar1.gif]
[www.narutox.ge/.s/img/icon/32/sms.png]
[www.narutox.ge/.s/img/wd/7/tool-sprites.gif]
[www.narutox.ge/.s/src/panel-v2/img/del_icon_off.png]
[www.narutox.ge/.s/src/panel-v2/img/del_icon.png]
[www.narutox.ge/.s/src/panel-v2/img/min_icon_off.png]
[www.narutox.ge/.s/src/panel-v2/img/min_icon.png]
[www.narutox.ge/.s/src/panel-v2/img/max_icon_off.png]
[www.narutox.ge/.s/src/panel-v2/img/max_icon.png]
[www.narutox.ge/.s/src/panel-v2/img/rest_icon_off.png]
[www.narutox.ge/.s/src/panel-v2/img/rest_icon.png]
[www.narutox.ge/.s/img/1px.gif]
[www.narutox.ge/.s/img/wd/7/ajaxsb.gif]
[www.narutox.ge/.s/img/wd/6/li.png]
[www.narutox.ge/.s/img/wd/7/ajaxs.gif]
[www.narutox.ge/.s/src/panel-v2/img/check_new.png]
[www.narutox.ge/.s/img/wd/7/gridh.gif]
[www.narutox.ge/.s/img/wd/7/scroll-left.gif]
[www.narutox.ge/.s/img/wd/7/scroll-right.gif]
[www.narutox.ge/.s/img/wd/7/tabs-sprite.gif]
[www.narutox.ge/.s/img/icon/ajsml.gif]
[www.narutox.ge/.s/img/wd/7/sb.gif]
[www.narutox.ge/.s/img/icon/pm.gif]
[www.narutox.ge/.s/img/wd/7/c.png]
[www.narutox.ge/.s/src/ulightbox/fancybox_sprite.png]
[www.narutox.ge/.s/src/layer7.min.css]
[www.narutox.ge/.s/src/ulightbox/fancybox_loading.gif]
[www.narutox.ge/.s/src/ulightbox/blank.gif]
[www.narutox.ge/.s/src/ulightbox/fancybox_buttons.png]
[www.narutox.ge/.s/src/ulightbox/ulightbox.min.css]
[www.narutox.ge/.s/src/social4.css]
[www.narutox.ge/load/index.html]
[www.narutox.ge/Anime/avs/fonts/fontawesome-webfont3e6e.eot]
[www.narutox.ge/Anime/avs/fonts/fontawesome-webfontd41d.eot]
[www.narutox.ge/Anime/avs/fonts/fontawesome-webfont3e6e.woff2]
[www.narutox.ge/Anime/avs/fonts/fontawesome-webfont3e6e.woff]
[www.narutox.ge/Anime/avs/fonts/fontawesome-webfont3e6e.ttf]
[www.narutox.ge/Anime/avs/css/font-awesome.min.css]
[www.narutox.ge/online/GET]
[www.narutox.ge/online/anime87da.html]
[www.narutox.ge/online/animedc45.html]
[www.narutox.ge/online/animee70f.html]
[www.narutox.ge/online/anime6af4.html]
[www.narutox.ge/stat/1656256392.gif]
[www.narutox.ge/online/anime.html]
[www.narutox.ge/Anime/slider/slick.css]
[www.narutox.ge/online/sword_art_online_ii_phantom_bullet/GET]
[www.narutox.ge/img/georgia.png]
[www.narutox.ge/.s/img/stars/1/46.png]
[www.narutox.ge/Anime/player/playerjs782e.html]
[www.narutox.ge/stat/1656256393.gif]
[www.narutox.ge/online/sword_art_online_ii_phantom_bullet/1-1-0-7.html]
[www.narutox.ge/online/overlord_tv1/GET]
[www.narutox.ge/stat/1656256395.gif]
[www.narutox.ge/online/overlord_tv1/1-1-0-13.html]
[www.narutox.ge/online/overlord_iii_tv3/GET]
[www.narutox.ge/Anime/player/playerjs44b0.html]
[www.narutox.ge/stat/1656256397.gif]
[www.narutox.ge/online/overlord_iii_tv3/1-1-0-16.html]
[www.narutox.ge/online/sword_art_online_alicization/GET]
[www.narutox.ge/Anime/player/playerjs274b.html]
[www.narutox.ge/stat/1656256399.gif]
[www.narutox.ge/online/sword_art_online_alicization/1-1-0-8.html]
[www.narutox.ge/online/arifureta_shokugyou_de_sekai_saikyou_arifureta_from_commonplace_to_world_39_s_strongest/GET]
[www.narutox.ge/Anime/player/playerjs7d7d.html]
[www.narutox.ge/stat/1656256408.gif]
[www.narutox.ge/online/arifureta_shokugyou_de_sekai_saikyou_arifureta_from_commonplace_to_world_39_s_strongest/1-1-0-35.html]
[www.narutox.ge/online/dr_stone_stone_wars/GET]
[www.narutox.ge/stat/1656256409.gif]
[www.narutox.ge/online/dr_stone_stone_wars/1-1-0-48.html]
[www.narutox.ge/nx/blackmedia136af.css]
[www.narutox.ge/nx/moon5e1f.css]
[www.narutox.ge/nx/sun5e1f.css]
[www.narutox.ge/nx/media.css]
[www.narutox.ge/.s/src/entriesList.css]
[www.narutox.ge/.s/src/entriesList.js]
[www.narutox.ge/nx/main.min.js]
[www.narutox.ge/forum/index.html]
[www.narutox.ge/anime/anime_tv/announcement/chihayafuru_tv3_jarkaja_chikhaja_igra_tikhaji_nateli_chihaia_tamashi_tihaia/48-1-0-1587.html]
[www.narutox.ge/_sf/15/48384819.jpg]
[www.narutox.ge/_sf/15/32694370.jpg]
[www.narutox.ge/anime/anime_tv/ongoing/shavi_samqura_shavi_kleveri/1-1-0-1552.html]
[www.narutox.ge/anime/anime_tv/ongoing/nanatsu_no_taizai_tv3_the_seven_deadly_sins_sem_smertnykh_grekhov/1-1-0-1666.html]
[www.narutox.ge/_sf/16/45311604.jpg]
[www.narutox.ge/anime/anime_tv/finished/chemi_gmirta_akademia_sezoni_4/9-1-0-1679.html]
[www.narutox.ge/_sf/16/90983423.jpg]
[www.narutox.ge/anime/anime_tv/finished/fate_grand_order_zettai_majuu_sensen_babylonia_sudba_velikij_prikaz_vavilonija/9-1-0-1683.html]
[www.narutox.ge/_sf/16/50292935.jpg]
[www.narutox.ge/anime/anime_tv/ongoing/van_pisi_seriebi_892_xxx/1-1-0-1675.html]
[www.narutox.ge/_sf/16/90759228.jpg]
[www.narutox.ge/anime/anime_tv/ongoing/boruto_naruto_next_generations_boruto_novoe_pokolenie_naruto_boruto_narutos_akhali_taoba/1-1-0-1483.html]
[www.narutox.ge/_sf/14/85071019.jpg]
[www.narutox.ge/anime/anime_tv/ongoing/1.html]
[www.narutox.ge/anime/0-1-4-0-16.html]
[www.narutox.ge/2019.html]
[www.narutox.ge/action.html]
[www.narutox.ge/fantasy.html]
[www.narutox.ge/Anime/1a.png]
[www.narutox.ge/magic.html]
[www.narutox.ge/Anime/1b.png]
[www.narutox.ge/comedy.html]
[www.narutox.ge/schoollife.html]
[www.narutox.ge/shounen.html]
[www.narutox.ge/2017.html]
[www.narutox.ge/adventure.html]
[www.narutox.ge/_sf/16/46524385.jpg]
[www.narutox.ge/anime/year/lt_2004/32.html]
[www.narutox.ge/anime/anime_tv/finished/vinland_saga_saga_o_vinlande/9-1-0-1637.html]
[www.narutox.ge/drama.html]
[www.narutox.ge/_sf/15/08061167.jpg]
[www.narutox.ge/seinen.html]
[www.narutox.ge/anime/anime_tv/finished/sword_art_online_tv3_sao_mastera_mecha_onlajn_khmlis_khelovneba_onlain/9-1-0-1538.html]
[www.narutox.ge/_sf/16/43865484.jpg]
[www.narutox.ge/2018.html]
[www.narutox.ge/_sf/16/04148529.jpg]
[www.narutox.ge/anime/anime_tv/finished/granblue_fantasy_the_animation_tv2_povest_o_nebesnykh_ostrovakh_fantazija_granblju/9-1-0-1672.html]
[www.narutox.ge/anime/anime_tv/finished/enen_no_shouboutai_fire_brigade_of_flames_plamennaja_brigada_pozharnykh_tsetskhlovan_mekhandzreta_brigada/9-1-0-1668.html]
[www.narutox.ge/_sf/16/55032890.jpg]
[www.narutox.ge/anime/anime_tv/finished/somas_kulinaruli_brdzola_sezoni_5/9-1-0-1680.html]
[www.narutox.ge/ecchi.html]
[www.narutox.ge/_sf/16/82217214.jpg]
[www.narutox.ge/anime/anime_tv/finished/shinchou_yuusha_kono_yuusha_ga_ore_tueee_kuse_ni_shinchou_sugiru_ehtot_geroj_neujazvim_no_ochen_ostorozhen_es_gmiri_udzlevelia_magram_dzalian_prtkhili/9-1-0-1681.html]
[www.narutox.ge/_sf/16/35984536.jpg]
[www.narutox.ge/anime/anime_tv/finished/fairy_gone_tv2_zakat_ehpokhi_fej/9-1-0-1682.html]
[www.narutox.ge/_sf/16/89253898.jpg]
[www.narutox.ge/anime/anime_tv/finished/dr_stone_doktor_stoun_doktor_stouni/9-1-0-1667.html]
[www.narutox.ge/_sf/16/95248283.jpg]
[www.narutox.ge/anime/anime_tv/finished/psycho_pass_tv3_psikho_pass_psiko_pasporti/9-1-0-1670.html]
[www.narutox.ge/_sf/16/55395334.jpg]
[www.narutox.ge/anime/anime_tv/finished/fairy_tail_tv3_2018_skazka_o_khvoste_fei_periis_kudi/9-1-0-1636.html]
[www.narutox.ge/_sf/16/04917770.jpg]
[www.narutox.ge/anime/anime_tv/finished/kimetsu_no_yaiba_klinok_rassekajushhij_demonov_demonta_gamanadgurebeli_khmali/9-1-0-1610.html]
[www.narutox.ge/_sf/15/61126443.jpg]
[www.narutox.ge/anime/anime_tv/finished/danmachi_tv2_dungeon_ni_deai_wo_motomeru_no_wa_machigatteiru_darou_ka_familia_myth_mozhet_ja_vstrechu_tebja_v_podzemele_2_sezon/9-1-0-1581.html]
[www.narutox.ge/romance.html]
[www.narutox.ge/nx/img/cat/1.jpg]
[www.narutox.ge/anime/index87da.html]
[www.narutox.ge/anime/indexdc45.html]
[www.narutox.ge/anime/anime_tv/finished/9.html]
[www.narutox.ge/anime/index06f9.html]
[www.narutox.ge/nx/img/cat/9.jpg]
[www.narutox.ge/anime/index5943.html]
[www.narutox.ge/movies.html]
[www.narutox.ge/nx/img/cat/6.jpg]
[www.narutox.ge/nx/img/cat/43.jpg]
[www.narutox.ge/english_dubbed.html]
[www.narutox.ge/nx/img/cat/44.jpg]
[www.narutox.ge/georgian.html]
[www.narutox.ge/anime/anime_tv/announcement/48.html]
[www.narutox.ge/nx/img/cat/48.jpg]
[www.narutox.ge/cartoon.html]
[www.narutox.ge/nx/img/cat/36.jpg]
[www.narutox.ge/nx/img/cat/7.jpg]
[www.narutox.ge/nx/img/cat/10.jpg]
[www.narutox.ge/nx/img/cat/11.jpg]
[www.narutox.ge/nx/img/cat/12.jpg]
[www.narutox.ge/nx/img/cat/13.jpg]
[www.narutox.ge/nx/img/cat/14.jpg]
[www.narutox.ge/nx/img/cat/15.jpg]
[www.narutox.ge/nx/img/cat/40.jpg]
[www.narutox.ge/mecha.html]
[www.narutox.ge/nx/img/cat/41.jpg]
[www.narutox.ge/nx/img/cat/16.jpg]
[www.narutox.ge/nx/img/cat/18.jpg]
[www.narutox.ge/nx/img/cat/19.jpg]
[www.narutox.ge/nx/img/cat/20.jpg]
[www.narutox.ge/sport.html]
[www.narutox.ge/nx/img/cat/49.jpg]
[www.narutox.ge/nx/img/cat/4.jpg]
[www.narutox.ge/nx/img/cat/22.jpg]
[www.narutox.ge/nx/img/cat/46.jpg]
[www.narutox.ge/2016.html]
[www.narutox.ge/nx/img/cat/42.jpg]
[www.narutox.ge/anime/year/2015/42.html]
[www.narutox.ge/nx/img/cat/45.jpg]
[www.narutox.ge/anime/year/2014/45.html]
[www.narutox.ge/nx/img/cat/33.jpg]
[www.narutox.ge/anime/year/2013/33.html]
[www.narutox.ge/anime/year/2012/24.html]
[www.narutox.ge/nx/img/cat/24.jpg]
[www.narutox.ge/nx/img/cat/25.jpg]
[www.narutox.ge/anime/year/2011/25.html]
[www.narutox.ge/nx/img/cat/26.jpg]
[www.narutox.ge/anime/year/2010/26.html]
[www.narutox.ge/nx/img/cat/27.jpg]
[www.narutox.ge/anime/year/2009/27.html]
[www.narutox.ge/nx/img/cat/28.jpg]
[www.narutox.ge/anime/year/2008/28.html]
[www.narutox.ge/nx/img/cat/29.jpg]
[www.narutox.ge/anime/year/2007/29.html]
[www.narutox.ge/nx/img/cat/30.jpg]
[www.narutox.ge/anime/year/2006/30.html]
[www.narutox.ge/nx/img/cat/31.jpg]
[www.narutox.ge/anime/year/2005/31.html]
[www.narutox.ge/nx/img/cat/32.jpg]
[www.narutox.ge/ova]
[www.narutox.ge/stat/1656256420.gif]
[saitebi.ge/images/SAITEBI.GE.jpg]
[cdn.sendpulse.com/js/push/d3f88e19c714b59a91b8057cd6fee1f3_0.js]
[www.narutox.ge/nx/jquery.lazyload.min.js]
[www.narutox.ge/js/button_down-up.js]
[www.narutox.ge/Anime/jquery.countdown.js]
[www.narutox.ge/nx/sun.css]
[www.narutox.ge/anime/index.html]
[www.narutox.ge/online/index.html]
[www.narutox.ge/nx/moon.css]
[www.narutox.ge/online/mushoku_tensei_jobless_reincarnation/GET]
[www.narutox.ge/stat/1656256418.gif]
[www.narutox.ge/online/mushoku_tensei_jobless_reincarnation/1-1-0-51.html]
[www.narutox.ge/online/jojo_39_s_bizarre_adventure_golden_wind/GET]
[www.narutox.ge/stat/1656256422.gif]
[www.narutox.ge/online/jojo_39_s_bizarre_adventure_golden_wind/1-1-0-22.html]
[www.narutox.ge/online/attack_on_titan_final_season/GET]
[www.narutox.ge/stat/1656256423.gif]
[www.narutox.ge/online/attack_on_titan_final_season/1-1-0-26.html]
[www.narutox.ge/online/tensei_shitara_shachiku_datta_ken_that_time_i_got_reincarnated_as_a_slime/GET]
[www.narutox.ge/stat/1656256427.gif]
[www.narutox.ge/online/tensei_shitara_shachiku_datta_ken_that_time_i_got_reincarnated_as_a_slime/1-1-0-54.html]
[www.narutox.ge/online/that_time_i_got_reincarnated_as_a_slime_season_2/GET]
[www.narutox.ge/Anime/player/playerjsfd1b.html]
[www.narutox.ge/stat/1656256432.gif]
[www.narutox.ge/online/that_time_i_got_reincarnated_as_a_slime_season_2/1-1-0-49.html]
[www.narutox.ge/online/how_not_to_summon_a_demon_lord_w_isekai_maou_to_shoukan_shoujo_no_dorei_majutsu_w/GET]
[www.narutox.ge/stat/1656256435.gif]
[www.narutox.ge/online/how_not_to_summon_a_demon_lord_w_isekai_maou_to_shoukan_shoujo_no_dorei_majutsu_w/1-1-0-53.html]
[www.narutox.ge/online/how_not_to_summon_a_demon_lord/GET]
[www.narutox.ge/Anime/player/playerjsa1d1.html]
[www.narutox.ge/stat/1656256438.gif]
[www.narutox.ge/online/how_not_to_summon_a_demon_lord/1-1-0-37.html]
[www.narutox.ge/online/boruto_naruto_next_generations/GET]
[www.narutox.ge/Anime/player/playerjs22f2.html]
[www.narutox.ge/Anime/player/playerjsfee7.html]
[www.narutox.ge/stat/1656256447.gif]
[www.narutox.ge/online/boruto_naruto_next_generations/1-1-0-27.html]
[www.narutox.ge/online/ore_dake_haireru_kakushi_dungeon_the_hidden_dungeon_only_i_can_enter/GET]
[www.narutox.ge/Anime/player/playerjs1777.html]
[www.narutox.ge/stat/1656256448.gif]
[www.narutox.ge/online/ore_dake_haireru_kakushi_dungeon_the_hidden_dungeon_only_i_can_enter/1-1-0-46.html]
[www.narutox.ge/online/kumo_desu_ga_nanika_so_i_39_m_a_spider_so_what/GET]
[www.narutox.ge/Anime/player/playerjsecca.html]
[www.narutox.ge/stat/1656256450.gif]
[www.narutox.ge/online/kumo_desu_ga_nanika_so_i_39_m_a_spider_so_what/1-1-0-45.html]
[www.narutox.ge/online/trinity_seven/GET]
[www.narutox.ge/stat/1656256456.gif]
[www.narutox.ge/online/trinity_seven/1-1-0-52.html]
[www.narutox.ge/panel/indexac46.html]
[www.narutox.ge/img/search.svg]
[www.narutox.ge/.s/img/wait.svg]
[www.narutox.ge/.s/img/light_wait.svg]
[www.narutox.ge/.s/src/panel-v2/img/icons/icon_sel.svg]
[www.narutox.ge/.s/img/icon/social/tg-g.svg]
[www.narutox.ge/.s/img/icon/social/tg.svg]
[www.narutox.ge/.s/img/icon/social/fb-g.svg]
[www.narutox.ge/.s/img/icon/social/fb.svg]
[www.narutox.ge/.s/img/icon/social/vk-g.svg]
[www.narutox.ge/.s/img/icon/social/vk.svg]
[www.narutox.ge/.s/img/icon/social/ya-g.svg]
[www.narutox.ge/.s/img/icon/social/ya.svg]
[www.narutox.ge/.s/img/icon/social/gp-g.svg]
[www.narutox.ge/.s/img/icon/social/gp.svg]
[www.narutox.ge/.s/img/icon/social/tw-g.svg]
[www.narutox.ge/.s/img/icon/social/tw.svg]
[www.narutox.ge/.s/img/icon/social/ok-g.svg]
[www.narutox.ge/.s/img/icon/social/ok.svg]
[www.narutox.ge/.s/img/icon/social/u-g.svg]
[www.narutox.ge/.s/img/icon/social/u.svg]
[www.narutox.ge/.s/img/icon/social/l-g.svg]
[www.narutox.ge/.s/img/icon/social/l.svg]
[www.narutox.ge/Anime/avs/fonts/fontawesome-webfont3e6e.svg]
[www.narutox.ge/online/GET.html]
[www.narutox.ge/online/fullmetal_alchemist_brotherhood/1-1-0-50.html]
[www.narutox.ge/_ld/0/33534866.jpg]
[www.narutox.ge/online/2_43_seiin_high_school_boys_volleyball_team/1-1-0-44.html]
[www.narutox.ge/_ld/0/78134158.jpg]
[www.narutox.ge/online/sk8_the_infinity/1-1-0-43.html]
[www.narutox.ge/_ld/0/01690758.jpg]
[www.narutox.ge/online/dr_stone/1-1-0-47.html]
[www.narutox.ge/_ld/0/03563560.jpg]
[www.narutox.ge/_ld/0/90266991.jpg]
[www.narutox.ge/online/nanatsu_no_taizai_movie_tenkuu_no_torawarebito_the_seven_deadly_sins_the_movie_prisoners_of_the_sky/1-1-0-42.html]
[www.narutox.ge/online/redline/1-1-0-41.html]
[www.narutox.ge/_ld/0/95350787.jpg]
[www.narutox.ge/online/mary_to_majo_no_hana_mary_and_the_witch_39_s_flower/1-1-0-40.html]
[www.narutox.ge/_ld/0/12985352.jpg]
[www.narutox.ge/online/hoshi_wo_ou_kodomo_children_who_chase_lost_voices/1-1-0-39.html]
[www.narutox.ge/_ld/0/41924428.jpg]
[www.narutox.ge/online/boku_dake_ga_inai_machi_erased/1-1-0-38.html]
[www.narutox.ge/_ld/0/93768730.jpg]
[www.narutox.ge/online/goblin_slayer/1-1-0-36.html]
[www.narutox.ge/_ld/0/36311701.jpg]
[www.narutox.ge/online/inuyashiki_last_hero/1-1-0-34.html]
[www.narutox.ge/_ld/0/63451022.jpg]
[www.narutox.ge/online/animeacd1.html]
[www.narutox.ge/stat/1656256505.gif]
[www.narutox.ge/online/anime87da.html]
[www.narutox.ge/online/zankyou_no_terror_terror_in_resonance/1-1-0-33.html]
[www.narutox.ge/_ld/0/40576408.jpg]
[www.narutox.ge/online/koe_no_katachi_a_silent_voice/1-1-0-32.html]
[www.narutox.ge/_ld/0/53503700.jpg]
[www.narutox.ge/online/kimi_no_na_wa_your_name/1-1-0-31.html]
[www.narutox.ge/_ld/0/60113115.jpg]
[www.narutox.ge/online/steins_gate_the_movie_load_region_of_deja_vu/1-1-0-30.html]
[www.narutox.ge/_ld/0/85347961.jpg]
[www.narutox.ge/online/steins_gate_0/1-1-0-29.html]
[www.narutox.ge/_ld/0/92244850.jpg]
[www.narutox.ge/online/steins_gate/1-1-0-28.html]
[www.narutox.ge/_ld/0/52703880.jpg]
[www.narutox.ge/online/attack_on_titan_season_3/1-1-0-25.html]
[www.narutox.ge/_ld/0/25697042.jpg]
[www.narutox.ge/online/attack_on_titan_season_2/1-1-0-24.html]
[www.narutox.ge/_ld/0/17554626.jpg]
[www.narutox.ge/_ld/0/56106788.jpg]
[www.narutox.ge/online/attack_on_titan/1-1-0-23.html]
[www.narutox.ge/online/death_march_to_the_parallel_world_rhapsody/1-1-0-21.html]
[www.narutox.ge/_ld/0/96208928.jpg]
[www.narutox.ge/online/jojo_39_s_bizarre_adventure_diamond_is_unbreakable/1-1-0-20.html]
[www.narutox.ge/_ld/0/76877189.jpg]
[www.narutox.ge/_ld/0/95827321.jpg]
[www.narutox.ge/online/jojo_39_s_bizarre_adventure_stardust_crusaders/1-1-0-19.html]
[www.narutox.ge/stat/1656256506.gif]
[www.narutox.ge/online/animedc45.html]
[www.narutox.ge/online/jojo_39_s_bizarre_adventure/1-1-0-18.html]
[www.narutox.ge/_ld/0/26163009.jpg]
[www.narutox.ge/online/overlord_ii_tv2/1-1-0-14.html]
[www.narutox.ge/_ld/0/44900918.jpg]
[www.narutox.ge/online/made_in_abyss/1-1-0-12.html]
[www.narutox.ge/_ld/0/32796956.jpg]
[www.narutox.ge/online/code_geass_lelouch_of_the_rebellion_r2_tv2/1-1-0-11.html]
[www.narutox.ge/_ld/0/43246904.jpg]
[www.narutox.ge/online/code_geass_lelouch_of_the_rebellion_tv1/1-1-0-10.html]
[www.narutox.ge/_ld/0/01359982.jpg]
[www.narutox.ge/online/sword_art_online_alicization_war_of_underworld/1-1-0-9.html]
[www.narutox.ge/_ld/0/74034858.jpg]
[www.narutox.ge/online/sword_art_online/1-1-0-6.html]
[www.narutox.ge/_ld/0/38920525.jpg]
[www.narutox.ge/online/sasikvdilo_kbena/1-1-0-5.html]
[www.narutox.ge/_ld/0/47863211.jpg]
[www.narutox.ge/stat/1656256508.gif]
[www.narutox.ge/online/animee70f.html]
[www.narutox.ge/online/tsam_da_tsam/1-1-0-4.html]
[www.narutox.ge/_ld/0/84932350.jpg]
[www.narutox.ge/online/sikvdilis_rveuli/1-1-0-3.html]
[www.narutox.ge/_ld/0/83470375.jpg]
[www.narutox.ge/online/samurai_champlu/1-1-0-2.html]
[www.narutox.ge/_ld/0/16982748.jpg]
[www.narutox.ge/_ld/0/14342877.jpg]
[www.narutox.ge/online/demonebis_mkveti_khmali/1-1-0-1.html]
[www.narutox.ge/online/anime6af4.html]
[www.narutox.ge/online/sword_art_online_ii_phantom_bullet/GET.html]
[www.narutox.ge/Anime/player/playerjs782e.html]
[www.narutox.ge/online/overlord_tv1/GET.html]
[www.narutox.ge/online/overlord_iii_tv3/GET.html]
[www.narutox.ge/Anime/player/playerjs44b0.html]
[www.narutox.ge/online/sword_art_online_alicization/GET.html]
[www.narutox.ge/Anime/player/playerjs274b.html]
[www.narutox.ge/online/arifureta_shokugyou_de_sekai_saikyou_arifureta_from_commonplace_to_world_39_s_strongest/GET.html]
[www.narutox.ge/Anime/player/playerjs7d7d.html]
[www.narutox.ge/online/dr_stone_stone_wars/GET.html]
[www.narutox.ge/nx/img/cross16-white.png]
[www.narutox.ge/nx/img/arrow-customSelect.png]
[www.narutox.ge/nx/img/arrow-customSelect-active.png]
[www.narutox.ge/nx/img/arrow-customSelect-white.png]
[www.narutox.ge/nx/img/icon-search.png]
[www.narutox.ge/nx/img/icons-episode.png]
[www.narutox.ge/nx/img/shadow-layer.png]
[www.narutox.ge/nx/img/cross16.png]
[www.narutox.ge/nx/img/edit16.png]
[www.narutox.ge/nx/img/add20.png]
[www.narutox.ge/nx/img/slider-buttons.png]
[www.narutox.ge/nx/img/short-description-overlay.png]
[www.narutox.ge/nx/img/video-controls.png]
[www.narutox.ge/Anime/player/playerjs.js]
[vk.com/images/icons/video_empty_2x.png]
[www.narutox.ge/nx/img/vote-buttons.png]
[www.narutox.ge/nx/img/x-16.png]
[www.picz.ge/img/s1/1807/12/9/969ec2b394f2.html]
[www.narutox.ge/nx/img/bubble.png]
[www.narutox.ge/nx/img/edit20_blue.png]
[www.narutox.ge/nx/img/add20_blue.png]
[www.narutox.ge/nx/img/add20_2.png]
[www.narutox.ge/nx/img/edit20.png]
[www.narutox.ge/nx/img/fullscreen.png]
[www.narutox.ge/nx/img/success.png]
[www.narutox.ge/nx/img/heart16.png]
[www.narutox.ge/nx/img/smile_icon_2x.png]
[www.narutox.ge/nx/img/smile_icon_active_2x.png]
[www.narutox.ge/nx/img/expand.png]
[www.narutox.ge/nx/img/eye-hidden.png]
[www.narutox.ge/nx/img/eye.png]
[www.narutox.ge/nx/img/icon-avatar-team.png]
[www.narutox.ge/nx/img/icon-avatar-onepiece.png]
[www.narutox.ge/nx/img/icon-avatar-hinata.png]
[www.narutox.ge/nx/img/icon-avatar-naruto.png]
[www.narutox.ge/nx/img/icon-avatar-kakashi.png]
[www.narutox.ge/nx/img/icon-avatar-saske.png]
[www.narutox.ge/nx/img/icon-avatar-sakura.png]
[www.narutox.ge/nx/img/icon-avatar-kirito.png]
[www.narutox.ge/nx/img/icon-avatar-asuna.png]
[www.narutox.ge/nx/img/icon-avatar-nge.png]
[www.narutox.ge/nx/img/icon-avatar-team2x.png]
[www.narutox.ge/nx/img/icon-avatar-onepiece2x.png]
[www.narutox.ge/nx/img/icon-avatar-hinata2x.png]
[www.narutox.ge/nx/img/icon-avatar-naruto2x.png]
[www.narutox.ge/nx/img/icon-avatar-kakashi2x.png]
[www.narutox.ge/nx/img/icon-avatar-saske2x.png]
[www.narutox.ge/nx/img/icon-avatar-sakura2x.png]
[www.narutox.ge/nx/img/icon-avatar-kirito2x.png]
[www.narutox.ge/nx/img/icon-avatar-asuna2x.png]
[www.narutox.ge/img/icon-er.png]
[www.picz.ge/img/s4/1802/4/d/d392e3b70040.html]
[www.narutox.ge/nx/blackmedia136af.css]
[www.picz.ge/img/s1/1802/4/a/ab712d250e25.html]
[www.narutox.ge/nx/img/background-totoro.epng]
[www.narutox.ge/nx/img/1.png]
[www.narutox.ge/nx/img/2.png]
[www.narutox.ge/nx/img/3.png]
[www.narutox.ge/nx/moon5e1f.css]
[www.narutox.ge/nx/img/background-totoro.png]
[www.narutox.ge/nx/sun5e1f.css]
[www.narutox.ge/nx/media.css]
[www.narutox.ge/.s/src/entriesList.css]
[www.narutox.ge/Anime/default.css]
[www.narutox.ge/forum/0-0-1-34.html]
[www.narutox.ge/forum/0-0-1-35.html]
[www.narutox.ge/forum/0-0-0-6.html]
[www.narutox.ge/forum/0-0-0-36.html]
[www.narutox.ge/forum/1.html]
[www.picz.ge/img/s3/1412/21/2/2c72e338967a.html]
[www.narutox.ge/forum/91.html]
[www.narutox.ge/forum/91-27812-1.html]
[www.narutox.ge/images/forum/icon/lastpost.gif]
[www.narutox.ge/index/8-0-alexejderkach36prpc.html]
[www.picz.ge/img/s3/1412/21/c/c081aa737d47.html]
[www.narutox.ge/forum/31.html]
[www.narutox.ge/forum/31-28353-1.html]
[www.narutox.ge/index/8-0-nobody.html]
[www.narutox.ge/forum/5.html]
[www.picz.ge/img/s1/1412/19/d/d91ebb32976f.html]
[www.narutox.ge/forum/101.html]
[www.narutox.ge/forum/101-28346-1.html]
[www.narutox.ge/index/8-0-chopper.html]
[www.picz.ge/img/s4/1412/21/f/f415ab61647b.html]
[www.narutox.ge/forum/68.html]
[www.narutox.ge/forum/68-27912-1.html]
[www.narutox.ge/index/8-0-itahi_san.html]
[www.picz.ge/img/s3/1412/21/e/eb76369ae859.html]
[www.narutox.ge/forum/82.html]
[www.narutox.ge/forum/82-28309-1.html]
[www.narutox.ge/index/8-0-Доктор.html]
[www.picz.ge/img/s4/1412/21/d/d83cd677a9e9.html]
[www.narutox.ge/forum/81.html]
[www.narutox.ge/forum/81-28305-1.html]
[www.narutox.ge/index/8-0-chubakafromspace.html]
[www.picz.ge/img/s4/1412/21/6/67a08fafac50.html]
[www.narutox.ge/forum/83.html]
[www.narutox.ge/forum/83-28290-4.html]
[www.narutox.ge/index/8-0-Skywalker.html]
[www.narutox.ge/forum/83-28290-1.html]
[www.picz.ge/img/s4/1412/21/e/edaef3fdd823.html]
[www.narutox.ge/forum/6.html]
[www.narutox.ge/forum/6-23616-4.html]
[www.narutox.ge/forum/6-23616-1.html]
[www.narutox.ge/index/8-0-ilia_Uchiha.html]
[www.picz.ge/img/s2/1412/21/9/9b8864f15840.html]
[www.narutox.ge/forum/99.html]
[www.narutox.ge/forum/99-28278-1.html]
[www.narutox.ge/index/8-0-TARDIS.html]
[www.picz.ge/img/s3/1412/21/f/f3947496efe7.html]
[www.narutox.ge/forum/51.html]
[www.narutox.ge/forum/51-27011-17.html]
[www.narutox.ge/index/8-0-alfa.html]
[www.narutox.ge/forum/51-27011-1.html]
[www.narutox.ge/images/forum/icon/online.gif]
[www.narutox.ge/images/forum/icon/stats.gif]
[www.narutox.ge/index/8-0-gogebashvilidato672.html]
[www.narutox.ge/images/forum/icon/birthday.gif]
[www.narutox.ge/index/8-444.html]
[www.narutox.ge/index/8-2873.html]
[www.narutox.ge/index/8-6528.html]
[www.narutox.ge/index/8-7143.html]
[www.narutox.ge/index/8-7310.html]
[www.narutox.ge/index/8-9242.html]
[www.narutox.ge/stat/1656256523.gif]
[www.narutox.ge/forum/index.html]
[www.narutox.ge/js/video_online.js]
[www.narutox.ge/img/russia.png]
[www.narutox.ge/img/united-states.png]
[maxcdn.bootstrapcdn.com/font-awesome/4.4.0/css/font-awesome.min.css]
[www.narutox.ge/images1/prev.png]
[www.narutox.ge/images1/prev1.png]
[www.narutox.ge/images1/next.png]
[www.narutox.ge/images1/next1.png]
[www.narutox.ge/.s/src/socCom.min.css]
[www.narutox.ge/.s/src/socCom.min.js]
[www.narutox.ge/_sf/15/53445990.jpg]
[www.narutox.ge/.s/img/stars/1/30.png]
[www.narutox.ge/php/favorite/favoritebf29.html]
[www.narutox.ge/img/loading.gif]
[www.narutox.ge/Anime/player/playerjseccb.js]
[www.narutox.ge/php/entry/relatedentryd24d.html]
[www.narutox.ge/avatar/00/12/220915.jpg]
[www.narutox.ge/index/8-6220.html]
[www.narutox.ge/.s/img/icon/thumbu2_.png]
[www.narutox.ge/.s/img/icon/thumbd2_.png]
[www.narutox.ge/.s/img/icon/social/16/uid.png]
[www.narutox.ge/sml1/13.gif]
[www.narutox.ge/images/smiles/catty25.gif]
[www.narutox.ge/.s/img/fr/EmnAjax.gif]
[www.narutox.ge/.s/img/spamfilter/notspam-active.gif]
[www.narutox.ge/.s/img/spamfilter/notspam.gif]
[www.narutox.ge/index/index.html]
[www.narutox.ge/.s/img/wd/1/ajaxs.gif]
[www.narutox.ge/.s/img/icon/social/noavatar.png]
[www.narutox.ge/stat/1656256524.gif]
[www.narutox.ge/anime/anime_tv/announcement/chihayafuru_tv3_jarkaja_chikhaja_igra_tikhaji_nateli_chihaia_tamashi_tihaia/48-1-0-1587.html]
[www.narutox.ge/_sf/15/64532930.jpg]
[www.narutox.ge/php/favorite/favorite0d17.html]
[www.narutox.ge/.s/img/icon/social/16/gp.png]
[www.narutox.ge/index/8-16725.html]
[www.narutox.ge/images/smiles/001.gif]
[www.narutox.ge/images/smiles/002.gif]
[www.narutox.ge/index/8-17035.html]
[lh5.googleusercontent.com/-rQRgIfbJMso/AAAAAAAAAAI/AAAAAAAAAAA/AAKWJJNEK1zQxbSrmCDz4MOAgI1TwCvAbw/photo.png]
[www.narutox.ge/index/8-17033.html]
[www.narutox.ge/.s/img/icon/social/16/fb.png]
[www.narutox.ge/index/8-16968.html]
[www.narutox.ge/index/8-16622.html]
[www.narutox.ge/index/8-16853.html]
[www.narutox.ge/index/8-16777.html]
[www.narutox.ge/index/8-16716.html]
[www.narutox.ge/ava/naruto/itachi7.gif]
[www.narutox.ge/index/8-16563.html]
[www.narutox.ge/index/8-16677.html]
[www.narutox.ge/images/smiles/catty07.gif]
[www.narutox.ge/index/8-13910.html]
[lh5.googleusercontent.com/-QWaf1bKEcqM/AAAAAAAAAAI/AAAAAAAAAB4/-n0CSz9IHFE/photo.jpg]
[www.narutox.ge/index/8-16678.html]
[www.narutox.ge/index/8-16571.html]
[www.narutox.ge/images/smiles/005.gif]
[www.narutox.ge/images/smiles/007.gif]
[www.narutox.ge/images/smiles/003.gif]
[www.narutox.ge/images/smiles/006.gif]
[www.narutox.ge/images/smiles/004.gif]
[www.narutox.ge/images/smiles/catty12.gif]
[www.narutox.ge/images/smiles/catty30.gif]
[www.narutox.ge/images/smiles/catty22.gif]
[www.narutox.ge/images/smiles/catty05.gif]
[www.narutox.ge/sml1/catty28.gif]
[lh3.googleusercontent.com/-IIML5FdYOu8/AAAAAAAAAAI/AAAAAAAAAAo/fCJO9RvmARw/photo.png]
[www.narutox.ge/index/8-16658.html]
[lh5.googleusercontent.com/-ky2oxuA7LnM/AAAAAAAAAAI/AAAAAAAABD8/NRSB9nMpkOI/photo.jpg]
[www.narutox.ge/index/8-16607.html]
[lh5.googleusercontent.com/-_hyuC89nR7o/AAAAAAAAAAI/AAAAAAAAAA0/2IUEB-pU2Iw/photo.png]
[www.narutox.ge/index/8-16577.html]
[lh5.googleusercontent.com/-_hyuC89nR7o/AAAAAAAAAAI/AAAAAAAAAAQ/arfmiEwsGPM/photo.png]
[lh3.googleusercontent.com/-DM2JjAOTLGk/AAAAAAAAAAI/AAAAAAAAAAA/ACevoQPq5jqjVUCGLTeK4EIC3zX5JWtfGQ/mo/photo.png]
[www.narutox.ge/index/8-16533.html]
[www.narutox.ge/index/8-16169.html]
[www.narutox.ge/index/8-16307.html]
[www.narutox.ge/stat/1656256525.gif]
[www.narutox.ge/anime/anime_tv/ongoing/shavi_samqura_shavi_kleveri/1-1-0-1552.html]
[www.narutox.ge/_sf/16/53125570.jpg]
[www.narutox.ge/php/favorite/favorite7ddf.html]
[www.narutox.ge/php/entry/relatedentry4874.html]
[lh4.googleusercontent.com/-l0lWdVY-xjE/AAAAAAAAAAI/AAAAAAAAAAA/AKF05nCiprsOqdKXgqiJzsnwS1oqGzAcXA/photo.png]
[www.narutox.ge/index/8-17000.html]
[lh5.googleusercontent.com/-PSaz8v2BsEY/AAAAAAAAAAI/AAAAAAAAAAA/ACHi3renti5i_zrGF_CsznH0Igds9-Ym1Q/photo.png]
[www.narutox.ge/index/8-16917.html]
[lh4.googleusercontent.com/-cFxIq0eidnk/AAAAAAAAAAI/AAAAAAAAAAA/ACHi3rd6QvR94DNecLRIHwgA44MhSpv33A/photo.png]
[www.narutox.ge/index/8-16915.html]
[www.narutox.ge/index/8-16906.html]
[lh6.googleusercontent.com/-9_vqLDmX9KM/AAAAAAAAAAI/AAAAAAAAAAA/ACHi3rfH7roSOCOlOOHoB_bqzwTw_1qP2Q/photo.png]
[www.narutox.ge/index/8-16852.html]
[www.narutox.ge/index/8-16842.html]
[www.narutox.ge/index/8-16839.html]
[www.narutox.ge/index/8-16728.html]
[www.narutox.ge/index/8-16738.html]
[lh3.googleusercontent.com/-wXwQkY3WcSY/AAAAAAAAAAI/AAAAAAAAAPU/yjFJ1wUYZqk/photo.jpg]
[www.narutox.ge/index/8-16539.html]
[lh4.googleusercontent.com/-oI7hGZUIw98/AAAAAAAAAAI/AAAAAAAAAJ8/J1LbQeQ0NjA/photo.jpg]
[www.narutox.ge/index/8-16709.html]
[lh6.googleusercontent.com/-H98MoGkalxE/AAAAAAAAAAI/AAAAAAAAAAg/JXmDRzthDaA/photo.jpg]
[www.narutox.ge/index/8-16663.html]
[lh6.googleusercontent.com/-9ifk0aJ5NoQ/AAAAAAAAAAI/AAAAAAAAAA8/TY9d-jjI6vk/photo.png]
[www.narutox.ge/index/8-16676.html]
[www.narutox.ge/sml1/catty53.gif]
[www.narutox.ge/ava/naruto/40.gif]
[www.narutox.ge/index/8-16590.html]
[www.narutox.ge/sml1/catty61.gif]
[www.narutox.ge/stat/1656256526.gif]
[www.narutox.ge/anime/anime_tv/ongoing/nanatsu_no_taizai_tv3_the_seven_deadly_sins_sem_smertnykh_grekhov/1-1-0-1666.html]
[www.narutox.ge/_sf/16/84782921.jpg]
[www.narutox.ge/php/favorite/favoriteed11.html]
[www.narutox.ge/php/entry/relatedentry248b.html]
[www.narutox.ge/index/8-16850.html]
[www.narutox.ge/stat/1656256529.gif]
[www.narutox.ge/index/8-16093.html]
[www.narutox.ge/anime/anime_tv/finished/chemi_gmirta_akademia_sezoni_4/9-1-0-1679.html]
[www.narutox.ge/_sf/16/85165413.jpg]
[www.narutox.ge/php/favorite/favorite5986.html]
[lh5.googleusercontent.com/-Ii3_XYjudCk/AAAAAAAAAAI/AAAAAAAAAAA/AMZuucliAP7l7AWeA0_kUNVpAvOnFsTScA/s96-c/photo.png]
[www.narutox.ge/index/8-17359.html]
[www.narutox.ge/index/8-17131.html]
[www.narutox.ge/index/8-17046.html]
[www.narutox.ge/index/8-12354.html]
[www.narutox.ge/avatar/00/24/354153.png]
[www.narutox.ge/index/8-11355.html]
[www.narutox.ge/avatar/60/3730-843987.jpg]
[www.narutox.ge/index/8-16832.html]
[www.narutox.ge/stat/1656256533.gif]
[www.narutox.ge/anime/anime_tv/finished/fate_grand_order_zettai_majuu_sensen_babylonia_sudba_velikij_prikaz_vavilonija/9-1-0-1683.html]
[www.narutox.ge/_sf/16/55328990.jpg]
[www.narutox.ge/php/favorite/favorite9dec.html]
[www.narutox.ge/php/entry/relatedentry4539.html]
[www.narutox.ge/index/8-17922.html]
[www.narutox.ge/sml1/5.gif]
[www.narutox.ge/sml1/1/opros.gif]
[www.narutox.ge/index/8-17806.html]
[www.narutox.ge/index/8-16903.html]
[www.narutox.ge/index/8-17099.html]
[www.narutox.ge/index/8-17224.html]
[lh4.googleusercontent.com/-fMnvuRcqSSY/AAAAAAAAAAI/AAAAAAAAAAA/AMZuuckcNocdF47n2bZmT3Fh-wGYwOxWmQ/photo.png]
[www.narutox.ge/index/8-17218.html]
[www.narutox.ge/index/8-17182.html]
[www.narutox.ge/sml1/1/6.gif]
[www.narutox.ge/sml1/catty58.gif]
[www.narutox.ge/avatar/23/6040-915122.jpg]
[www.narutox.ge/index/8-8493.html]
[www.narutox.ge/index/8-16907.html]
[www.narutox.ge/index/8-15697.html]
[www.narutox.ge/index/8-16279.html]
[www.narutox.ge/avatar/69/4345-142208.gif]
[www.narutox.ge/index/8-9853.html]
[www.narutox.ge/sml1/catty73.gif]
[www.narutox.ge/stat/1656256541.gif]
[www.narutox.ge/anime/anime_tv/ongoing/van_pisi_seriebi_892_xxx/1-1-0-1675.html]
[www.narutox.ge/_sf/14/30632944.jpg]
[www.narutox.ge/php/favorite/favorite83cc.html]
[www.narutox.ge/index/8-17066.html]
[www.narutox.ge/index/8-15398.html]
[www.narutox.ge/index/8-16803.html]
[lh6.googleusercontent.com/-yIgnv5iU1p8/AAAAAAAAAAI/AAAAAAAAAQs/cgdc2JSDqGQ/photo.jpg]
[lh3.googleusercontent.com/-1A4bRxN9_bw/AAAAAAAAAAI/AAAAAAAAAA8/4Ag5jhdq3fE/photo.jpg]
[www.narutox.ge/index/8-16640.html]
[www.narutox.ge/ava/avatar1/78.jpg]
[www.narutox.ge/index/8-16427.html]
[www.narutox.ge/index/8-16630.html]
[www.narutox.ge/index/8-15898.html]
[www.narutox.ge/index/8-16457.html]
[www.narutox.ge/ava/naruto/49.gif]
[lh4.googleusercontent.com/-gKkvR2oGtjA/AAAAAAAAAAI/AAAAAAAAADM/cMBxBLO0WrI/photo.jpg]
[www.narutox.ge/index/8-16588.html]
[www.narutox.ge/index/8-12121.html]
[www.narutox.ge/avatar/20/1385-119221.gif]
[lh4.googleusercontent.com/-zJ0x1g4Ey6c/AAAAAAAAAAI/AAAAAAAAADA/SzbqgTnKDK8/photo.jpg]
[www.narutox.ge/index/8-16364.html]
[www.narutox.ge/index/8-16547.html]
[lh5.googleusercontent.com/-0RrgbQUBw64/AAAAAAAAAAI/AAAAAAAAAAA/AKxrwcZ0WXeIi0GUzFC0-s_n7wk2ooxhwA/mo/photo.jpg]
[www.narutox.ge/index/8-16522.html]
[www.narutox.ge/index/8-16467.html]
[www.narutox.ge/index/8-16459.html]
[www.narutox.ge/ava/naruto/44.gif]
[www.narutox.ge/index/8-16349.html]
[www.narutox.ge/index/8-16177.html]
[www.narutox.ge/index/8-16125.html]
[www.narutox.ge/stat/1656256548.gif]
[www.narutox.ge/anime/anime_tv/ongoing/boruto_naruto_next_generations_boruto_novoe_pokolenie_naruto_boruto_narutos_akhali_taoba/1-1-0-1483.html]
[www.narutox.ge/stat/1656256556.gif]
[www.narutox.ge/anime/anime_tv/ongoing/1.html]
[www.narutox.ge/_sf/0/71023548.jpg]
[www.narutox.ge/anime/anime_tv/finished/naruto_shippuuden_naruto_tv2_naruto_uragannye_khroniki/9-1-0-22.html]
[www.narutox.ge/_sf/7/38576348.jpg]
[www.narutox.ge/anime/anime_tv/finished/fairy_tail_tv2_skazka_o_khvoste_fei_tv2_periis_k_39_udi_2/9-1-0-722.html]
[www.narutox.ge/_sf/0/94088790.jpg]
[www.narutox.ge/anime/anime_tv/finished/fairy_tail_skazka_o_khvoste_fei/9-1-0-23.html]
[www.narutox.ge/_sf/0/74564151.jpg]
[www.narutox.ge/anime/anime_tv/finished/hunter_x_hunter_okhotnik_x_okhotnik_monadire_x_monadire/9-1-0-58.html]
[www.narutox.ge/_sf/0/56576596.jpg]
[www.narutox.ge/anime/anime_tv/finished/bleach_blich_blichi/9-1-0-74.html]
[www.narutox.ge/_sf/5/22547075.jpg]
[www.narutox.ge/anime/anime_tv/finished/shingeki_no_kyojin_attack_on_titan_vtorzhenie_gigantov_t_39_it_39_anebze_shet_39_eva/9-1-0-508.html]
[www.narutox.ge/_sf/10/30615465.jpg]
[www.narutox.ge/anime/anime_tv/finished/naruto_tv1_naruto_tv_1_narut_39_o/9-1-0-1090.html]
[www.narutox.ge/_sf/5/05619244.jpg]
[www.narutox.ge/pokemon.html]
[www.narutox.ge/_sf/11/89696867.jpg]
[www.narutox.ge/dragon_ball_super.html]
[www.narutox.ge/_sf/0/75302119.jpg]
[www.narutox.ge/anime/anime_tv/finished/toriko_toriko/9-1-0-71.html]
[www.narutox.ge/_sf/1/09645412.jpg]
[www.narutox.ge/anime/anime_tv/finished/death_note_tetrad_smerti/9-1-0-178.html]
[www.narutox.ge/_sf/4/83390655.jpg]
[www.narutox.ge/anime/anime_tv/finished/gintama_silver_soul_gintama_gint_39_ama/9-1-0-449.html]
[www.narutox.ge/_sf/16/08341786.jpg]
[www.narutox.ge/anime/anime_tv/finished/van_pisi_seriebi_575_xxx/9-1-0-1603.html]
[www.narutox.ge/_sf/0/70764934.jpg]
[www.narutox.ge/anime/anime_tv/finished/sword_art_online_mastera_mecha_onlajn/9-1-0-25.html]
[www.narutox.ge/_sf/8/30866870.jpg]
[www.narutox.ge/anime/anime_tv/finished/sword_art_online_tv2_sao_tv2_mastera_mecha_onlajn_tv2/9-1-0-895.html]
[www.narutox.ge/_sf/0/94110948.jpg]
[www.narutox.ge/anime/anime_tv/finished/highschool_dxd_starshaja_shkola_dkhd/9-1-0-92.html]
[www.narutox.ge/_sf/16/69194239.jpg]
[www.narutox.ge/anime/anime_tv/anime_news/boruto_naruto_next_generations_boruto_novoe_pokolenie_naruto_boruto_narutos_akhali_taoba/44-1-0-1638.html]
[www.narutox.ge/_sf/0/78238344.jpg]
[www.narutox.ge/anime/anime_tv/finished/kuroko_39_s_basketball_kuroko_no_baske_basketbol_kuroko/9-1-0-51.html]
[www.narutox.ge/_sf/0/75594913.jpg]
[www.narutox.ge/anime/anime_tv/finished/kateikyoushi_hitman_reborn_uchitel_mafiozi_reborn/9-1-0-79.html]
[www.narutox.ge/_sf/3/09510715.jpg]
[www.narutox.ge/anime/anime_tv/finished/naruto_sd_rock_lee_no_seishun_full_power_chibi_naruto_vesna_junosti_roka_li/9-1-0-325.html]
[www.narutox.ge/_sf/15/08721994.jpg]
[www.narutox.ge/anime/anime_tv/finished/shingeki_no_kyojin_tv3_attack_on_titan_vtorzhenie_gigantov_titanebze_sheteva/9-1-0-1536.html]
[www.picz.ge/img/s2/1612/27/5/566c456d8e98.html]
[www.narutox.ge/anime/0-2-4-0-16.html]
[www.narutox.ge/anime/0-3-4-0-16.html]
[www.narutox.ge/anime/0-1-4-0-16.html]
[www.narutox.ge/anime/0-4-4-0-16.html]
[www.narutox.ge/_sf/16/85371672.jpg]
[www.narutox.ge/_sf/16/52457901.jpg]
[www.narutox.ge/anime/anime_tv/anime_news/demonebis_mkveti_khmali_demonta_gamanadgurebeli_khmali/44-1-0-1678.html]
[www.narutox.ge/_sf/16/65626256.jpg]
[www.narutox.ge/anime/anime_tv/anime_news/shesadzloa_ertmanets_mitsiskveshetshi_shevkhvdet/44-1-0-1677.html]
[www.narutox.ge/anime/anime_tv/anime_news/doktor_stouni/44-1-0-1674.html]
[www.narutox.ge/_sf/16/88928641.jpg]
[www.narutox.ge/anime/anime_tv/anime_news/aripureta_dabali_klasit_msoplioshi_udzlieresi/44-1-0-1676.html]
[www.narutox.ge/_sf/15/33874309.jpg]
[www.narutox.ge/_sf/16/97803150.jpg]
[www.narutox.ge/anime/anime_tv/finished/one_punch_man_tv2_vanpanchmen_van_panch_meni/9-1-0-1539.html]
[www.narutox.ge/anime/anime_tv/finished/kenja_no_mago_vnuk_mudreca_brdzenis_shvilishvili/9-1-0-1663.html]
[www.narutox.ge/_sf/15/19177837.jpg]
[www.narutox.ge/anime/anime_tv/finished/tate_no_yuusha_no_nariagari_the_rising_of_the_shield_hero_voskhozhdenie_geroja_shhita_paris_gmiris_aghzeveba/9-1-0-1533.html]
[www.narutox.ge/_sf/16/80824930.jpg]
[www.narutox.ge/anime/anime_tv/finished/fairy_gone_fei_v_dele/9-1-0-1659.html]
[www.narutox.ge/_sf/16/24980639.jpg]
[www.narutox.ge/anime/anime_tv/announcement/one_piece_movie_14_stampede_van_pis_begstvo/48-1-0-1671.html]
[www.narutox.ge/_sf/16/92062417.jpg]
[www.narutox.ge/anime/anime_tv/finished/mob_psycho_100_2nd_season_mob_psikho_100_ii_mob_psiko_100/9-1-0-1658.html]
[www.narutox.ge/_sf/16/96606197.jpg]
[www.narutox.ge/anime/anime_tv/finished/yakusoku_no_neverland_the_promised_neverland_obeshhanyj_neverlend_dapirebuli_neverlendi/9-1-0-1600.html]
[www.narutox.ge/201987da.html]
[www.narutox.ge/stat/1656256558.gif]
[www.narutox.ge/2019.html]
[www.narutox.ge/_sf/16/58146126.jpg]
[www.narutox.ge/anime/anime_tv/finished/jojo_no_kimyou_na_bouken_tv5_golden_wind_neverojatnye_prikljuchenija_dzhodzho_jojos_tavgadasavali/9-1-0-1623.html]
[www.narutox.ge/_sf/16/86360642.jpg]
[www.narutox.ge/anime/anime_tv/announcement/shingeki_no_kyojin_tv4_attack_on_titan_vtorzhenie_gigantov_titanebze_sheteva/48-1-0-1673.html]
[www.narutox.ge/action87da.html]
[www.narutox.ge/actiondc45.html]
[www.narutox.ge/action0391.html]
[www.narutox.ge/stat/1656256559.gif]
[www.narutox.ge/actionbfba.html]
[www.narutox.ge/action.html]
[www.narutox.ge/_sf/16/59951549.jpg]
[www.narutox.ge/_sf/16/51444788.jpg]
[www.narutox.ge/anime/anime_tv/anime_news/rogor_ar_unda_moikhmo_demonta_lordi/44-1-0-1625.html]
[www.narutox.ge/_sf/16/70706310.jpg]
[www.narutox.ge/anime/anime_tv/announcement/re_zero_kara_hajimeru_isekai_seikatsu_tv2_re_zhizn_v_drugom_mire_s_nulja_skhva_samqaroshi_nulidan_tskhovreba/48-1-0-1665.html]
[www.narutox.ge/anime/anime_tv/announcement/tensei_shitara_slime_datta_ken_tv2_o_mojom_pererozhdenii_v_sliz_chemi_lortsod_reinkarnatsiis_ambavi/48-1-0-1664.html]
[www.narutox.ge/_sf/16/19784709.jpg]
[www.narutox.ge/_sf/16/41736703.jpg]
[www.narutox.ge/anime/anime_tv/anime_news/khmlis_khelovneba_onlain_alisizatsia/44-1-0-1655.html]
[www.narutox.ge/anime/anime_tv/finished/tensei_shitara_slime_datta_ken_o_mojom_pererozhdenii_v_sliz_chemi_lortsod_reinkarnatsiis_ambavi/9-1-0-1606.html]
[www.narutox.ge/_sf/16/37034213.jpg]
[www.narutox.ge/anime/anime_tv/announcement/kobayashi_san_chi_no_maid_dragon_tv2_kobajaci_i_ee_gornichnaja_drakon_kobaiashi_sanis_msakhuri_drakoni/48-1-0-1662.html]
[www.narutox.ge/_sf/16/46876373.jpg]
[www.narutox.ge/anime/anime_tv/anime_news/shvidi_momakvdinebeli_tsodva_zetsis_tqve/44-1-0-1660.html]
[www.narutox.ge/fantasy87da.html]
[www.narutox.ge/fantasydc45.html]
[www.narutox.ge/fantasy8b56.html]
[www.narutox.ge/fantasy82d9.html]
[www.narutox.ge/stat/1656256561.gif]
[www.narutox.ge/fantasy.html]
[www.narutox.ge/_sf/15/15597991.jpg]
[www.narutox.ge/_sf/16/09968209.jpg]
[www.narutox.ge/anime/anime_tv/finished/to_aru_majutsu_no_index_tv3_indeks_volshebstva_jadokris_indeksi/9-1-0-1582.html]
[www.narutox.ge/_sf/16/11693614.jpg]
[www.narutox.ge/anime/anime_tv/anime_news/meari_da_alkajebis_qvavili/44-1-0-1641.html]
[www.narutox.ge/anime/anime_tv/finished/isekai_maou_to_shoukan_shoujo_no_dorei_majutsu_povelitel_tmy_drugaja_istorija_mira_magija_podchinenija/9-1-0-1604.html]
[www.narutox.ge/_sf/15/74022160.jpg]
[www.narutox.ge/_sf/15/09891037.jpg]
[www.narutox.ge/anime/anime_tv/movies/meari_to_majo_no_hana_mary_and_the_witch_39_s_flower_mehri_i_vedmin_cvetok_meri_da_jadokris_qvavili/6-1-0-1598.html]
[www.narutox.ge/anime/anime_tv/anime_news/brdzanebeli_sezoni_meore/44-1-0-1568.html]
[www.narutox.ge/_sf/15/77565685.jpg]
[www.narutox.ge/_sf/15/49812058.jpg]
[www.narutox.ge/anime/anime_tv/finished/mahoutsukai_no_yome_the_magician_39_s_bride_nevesta_charodeja_jadokris_satsole/9-1-0-1530.html]
[www.narutox.ge/anime/anime_tv/movies/hagane_no_renkinjutsushi_fullmetal_alchemist_stalnoj_alkhimik_rkinis_alkimikosi/6-1-0-1583.html]
[www.narutox.ge/_sf/15/21197358.jpg]
[www.narutox.ge/anime/anime_tv/finished/fate_apocrypha_sudba_apokrif_bedistsera_apokripta/9-1-0-1512.html]
[www.narutox.ge/_sf/15/35933358.jpg]
[www.narutox.ge/anime/anime_tv/anime_news/brdzanebeli_sezoni_pirveli/44-1-0-1567.html]
[www.narutox.ge/_sf/15/95348306.jpg]
[www.narutox.ge/_sf/14/60705617.jpg]
[www.narutox.ge/anime/anime_tv/movies/fairy_tail_movie_2_dragon_cry_fejri_tejl_plach_drakona/6-1-0-1554.html]
[www.narutox.ge/anime/anime_tv/finished/shingeki_no_bahamut_virgin_soul_jarost_bakhamuta_nevinnaja_dusha_bahamutis_riskhva_umanko_suli/9-1-0-1485.html]
[www.narutox.ge/_sf/13/27722331.jpg]
[www.narutox.ge/anime/anime_tv/movies/mahoutsukai_no_yome_hoshi_matsu_hito_nevesta_charodeja/6-1-0-1392.html]
[www.narutox.ge/_sf/15/07067088.jpg]
[www.narutox.ge/anime/anime_tv/movies/fairy_tail_movie_2_dragon_cry_fejri_tejl_khvost_fei_2_film_plach_drakona/6-1-0-1510.html]
[www.narutox.ge/_sf/14/98808075.jpg]
[www.narutox.ge/_sf/14/02129283.jpg]
[www.narutox.ge/anime/anime_tv/finished/little_witch_academia_akademija_vedmochek_patara_jadokris_akademia/9-1-0-1462.html]
[www.narutox.ge/anime/anime_tv/finished/rokudenashi_majutsu_koushi_to_akashic_records_khroniki_akashi_khudshego_magicheskogo_prepodavatelja/9-1-0-1496.html]
[www.narutox.ge/_sf/15/24470452.jpg]
[www.narutox.ge/anime/anime_tv/movies/black_clover_ova_chjornyj_klever_ova/6-1-0-1501.html]
[www.narutox.ge/_sf/14/80782982.jpg]
[www.narutox.ge/anime/anime_tv/finished/youjo_senki_saga_of_tanya_the_evil_voennaja_khronika_brdzolis_kronika/9-1-0-1459.html]
[www.narutox.ge/_sf/14/20276718.jpg]
[www.narutox.ge/anime/anime_tv/finished/chain_chronicle_haecceitas_no_hikari_cepnye_khroniki_svet_gekkejtasa/9-1-0-1448.html]
[www.narutox.ge/magic87da.html]
[www.narutox.ge/magicdc45.html]
[www.narutox.ge/stat/1656256563.gif]
[www.narutox.ge/magic.html]
[www.narutox.ge/_sf/16/73525237.jpg]
[www.narutox.ge/_sf/16/87504860.jpg]
[www.narutox.ge/anime/anime_tv/anime_news/chemi_lortsod_reinkarnatsiis_ambavi/44-1-0-1654.html]
[www.narutox.ge/_sf/15/11858504.jpg]
[www.narutox.ge/anime/anime_tv/finished/gintama_s07_shirogane_no_tamashii_hen_silver_soul_gintama_gintama/9-1-0-1574.html]
[www.narutox.ge/_sf/16/08166293.jpg]
[www.narutox.ge/_sf/16/88358463.jpg]
[www.narutox.ge/anime/anime_tv/finished/hataraku_saibou_cells_at_work_rabota_kletok_ujredebi_sakmeshi/9-1-0-1612.html]
[www.narutox.ge/anime/anime_tv/finished/chemi_gmirta_akademia_sezoni_3/9-1-0-1645.html]
[www.narutox.ge/_sf/16/50164369.jpg]
[www.narutox.ge/anime/anime_tv/finished/free_tv3_dive_to_the_future_svoboda_tavisupleba/9-1-0-1613.html]
[www.narutox.ge/comedy87da.html]
[www.narutox.ge/comedydc45.html]
[www.narutox.ge/comedy82d9.html]
[www.narutox.ge/comedyc107.html]
[www.narutox.ge/stat/1656256565.gif]
[www.narutox.ge/comedy.html]
[www.narutox.ge/_sf/16/51315756.jpg]
[www.narutox.ge/_sf/16/39013413.jpg]
[www.narutox.ge/anime/anime_tv/anime_news/khmis_porma/44-1-0-1642.html]
[www.narutox.ge/anime/anime_tv/anime_news/sheni_sakheli/44-1-0-1639.html]
[www.narutox.ge/_sf/15/22188340.jpg]
[www.narutox.ge/anime/anime_tv/finished/high_school_dxd_hero_tv4_starshaja_shkola_dkhd/9-1-0-1550.html]
[www.narutox.ge/_sf/16/38933217.jpg]
[www.narutox.ge/anime/anime_tv/finished/slow_start_medlennyj_start_neli_starti/9-1-0-1618.html]
[www.narutox.ge/_sf/15/71574732.jpg]
[www.narutox.ge/anime/anime_tv/finished/somas_kulinaruli_brdzola_sezoni_4/9-1-0-1565.html]
[www.narutox.ge/_sf/16/91209384.jpg]
[www.narutox.ge/anime/anime_tv/finished/mshishara_velosipedisti_sezoni_4/9-1-0-1649.html]
[www.narutox.ge/_sf/15/60439988.jpg]
[www.narutox.ge/anime/anime_tv/finished/somas_kulinaruli_brdzola_sezoni_3/9-1-0-1551.html]
[www.narutox.ge/_sf/15/03054809.jpg]
[www.narutox.ge/anime/anime_tv/finished/gamers/9-1-0-1546.html]
[www.narutox.ge/_sf/15/85541725.jpg]
[www.narutox.ge/anime/anime_tv/finished/kakegurui_compulsive_gambler_bezumnyj_azart/9-1-0-1543.html]
[www.narutox.ge/_sf/15/69466316.jpg]
[www.narutox.ge/anime/anime_tv/finished/youkoso_jitsuryoku_shijou_shugi_no_kyoushitsu_e_classroom_of_the_elite_dobro_pozhalovat_v_klass_prevoskhodstva/9-1-0-1542.html]
[www.narutox.ge/_sf/16/55040868.jpg]
[www.narutox.ge/anime/anime_tv/finished/chemi_gmirta_akademia_sezoni_2/9-1-0-1646.html]
[www.narutox.ge/_sf/15/86306392.jpg]
[www.narutox.ge/anime/anime_tv/finished/knight_39_s_magic_rycari_i_magija_raindebi_da_magia/9-1-0-1511.html]
[www.narutox.ge/_sf/14/23509431.jpg]
[www.narutox.ge/anime/anime_tv/movies/kimi_no_na_wa_your_name_tvojo_imja_sheni_sakheli/6-1-0-1442.html]
[www.narutox.ge/_sf/6/32368182.jpg]
[www.narutox.ge/anime/anime_tv/finished/yowamushi_pedal_truslivyj_velosipedist/9-1-0-631.html]
[www.narutox.ge/_sf/15/85761868.jpg]
[www.narutox.ge/anime/anime_tv/finished/tsugumomo_cugumomo_tsugumomo/9-1-0-1509.html]
[www.narutox.ge/_sf/15/47846820.jpg]
[www.narutox.ge/anime/anime_tv/finished/renai_boukun_love_tyrant_ljubov_tirana_tiranis_siqvaruli/9-1-0-1506.html]
[www.narutox.ge/_sf/14/61830387.jpg]
[www.narutox.ge/anime/anime_tv/finished/busou_shoujo_machiavellianism_tiranija_vooruzhjonnykh_devushek/9-1-0-1498.html]
[www.narutox.ge/schoollife87da.html]
[www.narutox.ge/schoollifedc45.html]
[www.narutox.ge/schoollife762e.html]
[www.narutox.ge/schoollife21ed.html]
[www.narutox.ge/stat/1656256567.gif]
[www.narutox.ge/schoollife.html]
[www.narutox.ge/_sf/16/60564666.jpg]
[www.narutox.ge/anime/anime_tv/announcement/yakusoku_no_neverland_tv2_the_promised_neverland_obeshhanyj_neverlend_dapirebuli_neverlendi/48-1-0-1669.html]
[www.narutox.ge/_sf/15/65628368.jpg]
[www.narutox.ge/anime/anime_tv/movies/nanatsu_no_taizai_tenkuu_no_torawarebito_sem_smertnykh_grekhov_uzniki_nebes/6-1-0-1594.html]
[www.narutox.ge/shounen87da.html]
[www.narutox.ge/shounendc45.html]
[www.narutox.ge/shounen25d3.html]
[www.narutox.ge/shounen979a.html]
[www.narutox.ge/stat/1656256568.gif]
[www.narutox.ge/shounen.html]
[www.narutox.ge/_sf/16/90439973.jpg]
[www.narutox.ge/anime/anime_tv/anime_news/shingeki_no_kyojin_tv2_attack_on_titan_vtorzhenie_gigantov_titanebze_sheteva/44-1-0-1628.html]
[www.narutox.ge/_sf/15/19940188.jpg]
[www.narutox.ge/anime/anime_tv/eng_dub_anime/star_wars_rebels_tv4_zvjozdnye_vojny_povstancy/43-1-0-1553.html]
[www.narutox.ge/_sf/15/98698941.jpg]
[www.narutox.ge/anime/anime_tv/movies/gekijouban_mahouka_koukou_no_rettousei_hoshi_o_yobu_shoujo_neputevyj_uchenik_v_shkole_magii_vzyvajushhaja_k_zvezdam/6-1-0-1586.html]
[www.narutox.ge/_sf/15/62733887.jpg]
[www.narutox.ge/anime/anime_tv/movies/nekopara_neko_paradise_koshachij_raj_katebis_samotkhe/6-1-0-1585.html]
[www.narutox.ge/_sf/15/50185564.jpg]
[www.narutox.ge/anime/anime_tv/movies/no_game_no_life_zero_net_igry_net_zhizni_film_an_itamashe_an_mokvdi_noli/6-1-0-1584.html]
[www.narutox.ge/_sf/15/29877497.jpg]
[www.narutox.ge/anime/anime_tv/anime_news/inuiashiki_ukanaskneli_gmiri_inuyashiki/44-1-0-1556.html]
[www.narutox.ge/_sf/15/87285954.jpg]
[www.narutox.ge/anime/anime_tv/finished/kekkai_sensen_s2_front_krovavoj_blokady_siskhliani_blokadis_pronti/9-1-0-1528.html]
[www.narutox.ge/_sf/15/77435038.jpg]
[www.narutox.ge/anime/anime_tv/finished/shoujo_shuumatsu_ryokou_postapokalipticheskie_sjodze_pokhozhdenija/9-1-0-1527.html]
[www.narutox.ge/_sf/15/45875865.jpg]
[www.narutox.ge/_sf/15/52349349.jpg]
[www.narutox.ge/anime/anime_tv/eng_dub_anime/trollhunters_tv2_okhotniki_na_trollej_trolebze_monadire/43-1-0-1564.html]
[www.narutox.ge/anime/anime_tv/anime_news/matsantsala_dzaghlebi_bungou_stray_dogs/44-1-0-1557.html]
[www.narutox.ge/_sf/15/92195721.jpg]
[www.narutox.ge/anime/anime_tv/anime_news/isekai_wa_smartphone_to_tomo_ni_skhva_samqaroshi_smartponit/44-1-0-1523.html]
[www.narutox.ge/_sf/15/82127834.jpg]
[www.narutox.ge/anime/anime_tv/finished/vatican_kiseki_chousakan_vatican_miracle_examiner_inspektory_chudes_vatikana/9-1-0-1549.html]
[www.narutox.ge/_sf/7/32606265.jpg]
[www.narutox.ge/anime/anime_tv/finished/jigoku_shoujo_tv1_adskaja_devochka_tv_1/9-1-0-745.html]
[www.narutox.ge/201787da.html]
[www.narutox.ge/2017dc45.html]
[www.narutox.ge/2017e70f.html]
[www.narutox.ge/stat/1656256569.gif]
[www.narutox.ge/2017.html]
[www.narutox.ge/adventure87da.html]
[www.narutox.ge/adventuredc45.html]
[www.narutox.ge/adventure3318.html]
[www.narutox.ge/adventuredd56.html]
[www.narutox.ge/stat/1656256570.gif]
[www.narutox.ge/adventure.html]
[www.narutox.ge/_sf/16/21375762.jpg]
[www.narutox.ge/_sf/15/08538473.jpg]
[www.narutox.ge/anime/anime_tv/anime_news/samurai_champloo_samuraj_champlu_samurai_champlu/44-1-0-1635.html]
[www.narutox.ge/anime/anime_tv/finished/one_piece_ep_1_516_van_pis_bolshoj_kush_van_pisi/9-1-0-1599.html]
[www.narutox.ge/_sf/16/54430924.jpg]
[www.narutox.ge/anime/anime_tv/movies/printsesa_mononoke/6-1-0-1657.html]
[www.narutox.ge/_sf/16/91407004.jpg]
[www.narutox.ge/anime/anime_tv/movies/chemi_mezobeli_totoro/6-1-0-1656.html]
[www.narutox.ge/_sf/2/49772732.jpg]
[www.narutox.ge/anime/anime_tv/movies/grave_of_the_fireflies_mogila_svetljachkov/6-1-0-223.html]
[www.narutox.ge/_sf/16/50487273.jpg]
[www.narutox.ge/anime/anime_tv/finished/evangelioni/9-1-0-1644.html]
[www.narutox.ge/_sf/13/74207533.jpg]
[www.narutox.ge/anime/anime_tv/movies/neon_genesis_evangelion_movies_evangelion_novogo_pokolenija_evangelioni/6-1-0-1380.html]
[www.narutox.ge/_sf/13/92375669.jpg]
[www.narutox.ge/anime/anime_tv/finished/scrapped_princess_vybroshennaja_princessa/9-1-0-1311.html]
[www.narutox.ge/_sf/12/59473707.jpg]
[www.narutox.ge/_sf/12/60654868.jpg]
[www.narutox.ge/anime/anime_tv/finished/argento_soma_argento_soma/9-1-0-1256.html]
[www.narutox.ge/_sf/12/05728159.jpg]
[www.narutox.ge/anime/anime_tv/finished/ikkitousen_tv1_shkolnye_vojny_saskolo_brdzolebi/9-1-0-1232.html]
[www.narutox.ge/anime/anime_tv/finished/bakuretsu_tenshi_angely_smerti/9-1-0-1226.html]
[www.narutox.ge/_sf/12/39564132.jpg]
[www.narutox.ge/anime/anime_tv/finished/chobits_chobity/9-1-0-1222.html]
[www.narutox.ge/_sf/12/17802525.jpg]
[www.narutox.ge/anime/anime_tv/finished/school_rumble_tv1_shkolnyj_perepolokh/9-1-0-1212.html]
[www.narutox.ge/_sf/9/39947449.jpg]
[www.narutox.ge/_sf/8/86091408.jpg]
[www.narutox.ge/anime/anime_tv/movies/wonderful_days_fantasticheskie_dni/6-1-0-989.html]
[www.narutox.ge/anime/anime_tv/cartoon_finished/gadget_and_the_gadgetinis_gadzhet_i_gadzhetiny/36-1-0-891.html]
[www.narutox.ge/_sf/8/29884173.jpg]
[www.narutox.ge/anime/anime_tv/cartoon_finished/samurai_jack_samuraj_dzhek/36-1-0-877.html]
[www.narutox.ge/_sf/8/93230927.jpg]
[www.narutox.ge/anime/anime_tv/finished/samurai_kio_samurai_deeper_kyo_kjo_samuraj_vnutri/9-1-0-826.html]
[www.narutox.ge/_sf/8/18911049.jpg]
[www.narutox.ge/anime/anime_tv/finished/major_mehjdzhor/9-1-0-803.html]
[www.narutox.ge/_sf/7/58969462.jpg]
[www.narutox.ge/anime/anime_tv/finished/monster_monstr/9-1-0-767.html]
[www.narutox.ge/_sf/7/47641632.jpg]
[www.narutox.ge/anime/anime_tv/finished/air_master_vozdushnyj_master/9-1-0-765.html]
[www.narutox.ge/_sf/7/52570580.jpg]
[www.narutox.ge/anime/anime_tv/finished/gravitation_92_gravitacija/9-1-0-752.html]
[www.narutox.ge/_sf/7/30180568.jpg]
[www.narutox.ge/anime/anime_tv/finished/yuu_yuu_hakusho_otchet_o_bujstve_dukhov/9-1-0-716.html]
[www.narutox.ge/anime/year/lt_2004/32-2.html]
[www.narutox.ge/anime/year/lt_2004/32-3.html]
[www.narutox.ge/stat/1656256572.gif]
[www.narutox.ge/anime/year/lt_2004/32.html]
[www.narutox.ge/_sf/16/23125637.jpg]
[www.narutox.ge/php/favorite/favorite43d7.html]
[www.narutox.ge/index/8-16454.html]
[www.narutox.ge/index/8-16763.html]
[www.narutox.ge/index/8-12794.html]
[www.narutox.ge/avatar/00/25/294768.gif]
[www.narutox.ge/anime/anime_tv/finished/vinland_saga_saga_o_vinlande/9-1-0-1637.html]
[www.narutox.ge/_sf/16/42479092.jpg]
[www.narutox.ge/anime/anime_tv/finished/tokyo_ghoul_re_season_2_tokijskij_gul_pererozhdenie_tokios_vampiri_meored_dabadeba/9-1-0-1609.html]
[www.narutox.ge/_sf/15/37539125.jpg]
[www.narutox.ge/_sf/16/41735912.jpg]
[www.narutox.ge/anime/anime_tv/movies/sayonara_no_asa_ni_yakusoku_no_hana_wo_kazarou_ukras_proshhalnoe_utro_cvetami_obeshhanija/6-1-0-1589.html]
[www.narutox.ge/anime/anime_tv/anime_news/shingeki_no_kyojin_tv3_attack_on_titan_vtorzhenie_gigantov_titanebze_sheteva/44-1-0-1629.html]
[www.narutox.ge/_sf/16/53051411.jpg]
[www.narutox.ge/anime/anime_tv/anime_news/shtainis_karibche_0/44-1-0-1652.html]
[www.narutox.ge/_sf/16/17893615.jpg]
[www.narutox.ge/anime/anime_tv/anime_news/shtainis_karibche_dezha_vus_tvirti/44-1-0-1651.html]
[www.narutox.ge/_sf/16/30844030.jpg]
[www.narutox.ge/anime/anime_tv/anime_news/shtainis_karibche/44-1-0-1650.html]
[www.narutox.ge/_sf/15/94513238.jpg]
[www.narutox.ge/anime/anime_tv/finished/steins_gate_zero_steins_gate_0_vrata_shtajnera_0_shtaineris_karibche_noli/9-1-0-1563.html]
[www.narutox.ge/_sf/16/59028224.jpg]
[www.narutox.ge/anime/anime_tv/anime_news/shingeki_no_kyojin_ova_attack_on_titan_vtorzhenie_gigantov_titanebze_sheteva/44-1-0-1630.html]
[www.narutox.ge/_sf/16/59420084.jpg]
[www.narutox.ge/anime/anime_tv/anime_news/code_geass_lelouch_of_the_rebellion_tv2_kod_gias_vosstavshij_lelush_kodi_geasi_ambokhebuli_lulushi/44-1-0-1634.html]
[www.narutox.ge/drama87da.html]
[www.narutox.ge/dramadc45.html]
[www.narutox.ge/drama3883.html]
[www.narutox.ge/stat/1656256575.gif]
[www.narutox.ge/drama.html]
[www.narutox.ge/_sf/16/37671836.jpg]
[www.narutox.ge/anime/anime_tv/anime_news/sword_art_online_tv2_sao_tv2_mastera_mecha_onlajn_svord_art_onlaini/44-1-0-1632.html]
[www.narutox.ge/drama979a.html]
[www.narutox.ge/_sf/16/38121921.jpg]
[www.narutox.ge/_sf/16/00378339.jpg]
[www.narutox.ge/anime/anime_tv/anime_news/sword_art_online_tv1_sao_tv1_mastera_mecha_onlajn_svord_art_onlaini/44-1-0-1631.html]
[www.narutox.ge/anime/anime_tv/anime_news/shingeki_no_kyojin_tv1_attack_on_titan_vtorzhenie_gigantov_titanebze_sheteva/44-1-0-1627.html]
[www.narutox.ge/_sf/16/90542825.jpg]
[www.narutox.ge/anime/anime_tv/finished/golden_kamuy_zolotoe_bozhestvo_okros_kamui/9-1-0-1619.html]
[www.narutox.ge/_sf/16/85621502.jpg]
[www.narutox.ge/anime/anime_tv/finished/hinamatsuri_khinamacuri_hinamatsuri/9-1-0-1617.html]
[www.narutox.ge/_sf/15/72015787.jpg]
[www.narutox.ge/_sf/15/96814539.jpg]
[www.narutox.ge/anime/anime_tv/finished/tokyo_ghoul_re_tokijskij_gul_pererozhdenie_tokios_vampiri_meored_dabadeba/9-1-0-1562.html]
[www.narutox.ge/anime/anime_tv/finished/basilisk_tv2_vasilisk_vasiliski/9-1-0-1558.html]
[www.narutox.ge/_sf/15/28890521.jpg]
[www.narutox.ge/anime/anime_tv/anime_news/tsam_da_tsami/44-1-0-1577.html]
[www.narutox.ge/_sf/15/54363816.jpg]
[www.narutox.ge/anime/anime_tv/anime_news/sasikvdilo_kbena/44-1-0-1572.html]
[www.narutox.ge/seinen87da.html]
[www.narutox.ge/seinendc45.html]
[www.narutox.ge/seinene70f.html]
[www.narutox.ge/stat/1656256577.gif]
[www.narutox.ge/seinen6af4.html]
[www.narutox.ge/seinen.html]
[www.narutox.ge/_sf/15/19355511.jpg]
[www.narutox.ge/php/favorite/favorite9f12.html]
[www.narutox.ge/php/entry/relatedentry8f2a.html]
[www.narutox.ge/index/8-16989.html]
[www.narutox.ge/index/8-16748.html]
[www.narutox.ge/index/8-16870.html]
[www.narutox.ge/index/8-16873.html]
[www.narutox.ge/index/8-16610.html]
[lh4.googleusercontent.com/-VCke62DYgLg/AAAAAAAAAAI/AAAAAAAAAU4/QR0gSihB8h0/photo.png]
[www.narutox.ge/index/8-16617.html]
[lh5.googleusercontent.com/-4-l1Lo0mz94/AAAAAAAAAAI/AAAAAAAAAAA/ACHi3re7IN7HF0no3oWsElaoqcW6InVlfQ/mo/photo.png]
[www.narutox.ge/index/8-14197.html]
[www.narutox.ge/index/8-16611.html]
[www.narutox.ge/index/8-16489.html]
[lh3.googleusercontent.com/-38TamqxzLJM/AAAAAAAAAAI/AAAAAAAAAB0/9vFHf0m-1CU/photo.jpg]
[www.narutox.ge/index/8-16114.html]
[lh6.googleusercontent.com/-z5MqvuWiVgg/AAAAAAAAAAI/AAAAAAAAAOk/CqG4bAKgDKI/photo.jpg]
[www.narutox.ge/index/8-16458.html]
[www.narutox.ge/index/8-13325.html]
[www.narutox.ge/index/8-16171.html]
[www.narutox.ge/images/smiles/naruto/naruto_question.gif]
[www.narutox.ge/stat/1656256580.gif]
[www.narutox.ge/anime/anime_tv/finished/sword_art_online_tv3_sao_mastera_mecha_onlajn_khmlis_khelovneba_onlain/9-1-0-1538.html]
[www.narutox.ge/_sf/15/74968952.jpg]
[www.narutox.ge/_sf/16/45006631.jpg]
[www.narutox.ge/anime/anime_tv/finished/goblin_slayer_ubijca_goblinov_goblinebis_mkvleli/9-1-0-1580.html]
[www.narutox.ge/_sf/16/89922943.jpg]
[www.narutox.ge/anime/anime_tv/anime_news/goblinebis_mkvleli/44-1-0-1653.html]
[www.narutox.ge/anime/anime_tv/finished/satsuriku_no_tenshi_angels_of_death_angel_krovoprolitija_sikvdilis_angelozi/9-1-0-1621.html]
[www.narutox.ge/_sf/16/56001478.jpg]
[www.narutox.ge/anime/anime_tv/anime_news/mbrdzanebeli_sezoni_3/44-1-0-1622.html]
[www.narutox.ge/_sf/15/89670838.jpg]
[www.narutox.ge/anime/anime_tv/finished/overlord_tv3_povelitel/9-1-0-1590.html]
[www.narutox.ge/_sf/15/41113052.jpg]
[www.narutox.ge/anime/anime_tv/finished/persona_5_the_animation_persona_5_persona_5/9-1-0-1596.html]
[www.narutox.ge/201887da.html]
[www.narutox.ge/2018dc45.html]
[www.narutox.ge/stat/1656256582.gif]
[www.narutox.ge/2018.html]
[www.narutox.ge/_sf/16/77873201.jpg]
[www.narutox.ge/php/favorite/favorited4b4.html]
[www.narutox.ge/php/entry/relatedentry0756.html]
[lh6.googleusercontent.com/-bedy6uDovAk/AAAAAAAAAAI/AAAAAAAAABg/kEfgyS7Tr_E/photo.jpg]
[www.narutox.ge/stat/1656256584.gif]
[www.narutox.ge/index/8-16656.html]
[www.narutox.ge/anime/anime_tv/finished/granblue_fantasy_the_animation_tv2_povest_o_nebesnykh_ostrovakh_fantazija_granblju/9-1-0-1672.html]
[www.narutox.ge/_sf/16/65825378.jpg]
[www.narutox.ge/php/favorite/favorite82d2.html]
[www.narutox.ge/index/8-16847.html]
[www.narutox.ge/index/8-16849.html]
[www.narutox.ge/index/8-16837.html]
[www.narutox.ge/images/smiles/naruto/naruto_doigt.gif]
[www.narutox.ge/index/8-11316.html]
[www.narutox.ge/avatar/14/3204-732841.jpg]
[www.narutox.ge/index/8-16351.html]
[www.narutox.ge/stat/1656256586.gif]
[www.narutox.ge/anime/anime_tv/finished/enen_no_shouboutai_fire_brigade_of_flames_plamennaja_brigada_pozharnykh_tsetskhlovan_mekhandzreta_brigada/9-1-0-1668.html]
[www.narutox.ge/_sf/16/16748731.jpg]
[www.narutox.ge/php/favorite/favorite64f0.html]
[www.narutox.ge/php/entry/relatedentrye181.html]
[www.narutox.ge/index/8-16947.html]
[www.narutox.ge/index/8-16902.html]
[www.narutox.ge/stat/1656256594.gif]
[www.narutox.ge/anime/anime_tv/finished/somas_kulinaruli_brdzola_sezoni_5/9-1-0-1680.html]
[www.narutox.ge/_sf/15/50193744.jpg]
[www.narutox.ge/_sf/14/26972030.jpg]
[www.narutox.ge/anime/anime_tv/finished/sin_nanatsu_no_taizai_pregreshenie_sem_smertnykh_grekhov/9-1-0-1519.html]
[www.narutox.ge/anime/anime_tv/finished/fuuka_fuuka_puuka/9-1-0-1491.html]
[www.narutox.ge/_sf/14/01137989.jpg]
[www.narutox.ge/anime/anime_tv/finished/akiba_39_s_trip_the_animation_padenie_akiby_akibis_datsema/9-1-0-1490.html]
[www.narutox.ge/_sf/14/39762839.jpg]
[www.narutox.ge/anime/anime_tv/finished/keijo_kejdzho_keijo/9-1-0-1450.html]
[www.narutox.ge/_sf/14/08599214.jpg]
[www.narutox.ge/anime/anime_tv/finished/masou_gakuen_hxh_magicheskaja_akademija_ataraksija_gibrid_x_serdce/9-1-0-1411.html]
[www.narutox.ge/_sf/13/37602502.jpg]
[www.narutox.ge/anime/anime_tv/finished/shokugeki_no_souma_tv2_food_wars_kulinarnaja_bitva_somy_somas_kulinaruli_brdzola/9-1-0-1354.html]
[www.narutox.ge/_sf/13/26310674.jpg]
[www.narutox.ge/anime/anime_tv/finished/saijaku_muhai_no_bahamut_khroniki_nepobezhdennogo_bakhamuta_bagamuta/9-1-0-1398.html]
[www.narutox.ge/_sf/12/86858002.jpg]
[www.narutox.ge/_sf/13/29056688.jpg]
[www.narutox.ge/anime/anime_tv/finished/gakusen_toshi_asterisk_boevaja_akademija_goroda_asterisk/9-1-0-1286.html]
[www.narutox.ge/_sf/13/91351012.jpg]
[www.narutox.ge/anime/anime_tv/finished/hundred_sotnja_asi/9-1-0-1348.html]
[www.narutox.ge/anime/anime_tv/finished/netoge_no_yome_wa_onnanoko_ja_nai_to_omotta_a_ty_dumal_chto_tvoja_zhena_v_onlajn_igre_na_samom_dele_ne_devushka/9-1-0-1347.html]
[www.narutox.ge/_sf/13/14117253.jpg]
[www.narutox.ge/anime/anime_tv/finished/mm_group_emu_emu_molodye_mazokhisty_patara_mazokhistebi/9-1-0-1344.html]
[www.narutox.ge/_sf/13/48558910.jpg]
[www.narutox.ge/anime/anime_tv/finished/rio_rainbow_gate_raduzhnye_vrata/9-1-0-1313.html]
[www.narutox.ge/_sf/13/51687673.jpg]
[www.narutox.ge/anime/anime_tv/finished/seikon_no_qwaser_tv1_stigmaty_kvazarov_tv_1/9-1-0-1309.html]
[www.narutox.ge/_sf/13/94288181.jpg]
[www.narutox.ge/anime/anime_tv/finished/asobi_ni_iku_yo_poigraj_so_mnoj_nezhno/9-1-0-1308.html]
[www.narutox.ge/_sf/12/31611403.jpg]
[www.narutox.ge/anime/anime_tv/finished/rakudai_kishi_no_cavalry_doblest_rycarja_neudachnika/9-1-0-1290.html]
[www.narutox.ge/_sf/12/72410506.jpg]
[www.narutox.ge/anime/anime_tv/finished/taimadou_gakuen_35_shiken_shoutai_antimagicheskaja_akademija_35_e_ehksperimentalnoe_podrazdelenie/9-1-0-1288.html]
[www.narutox.ge/_sf/12/75263363.jpg]
[www.narutox.ge/anime/anime_tv/finished/isuca_kljost/9-1-0-1277.html]
[www.narutox.ge/ecchi87da.html]
[www.narutox.ge/ecchidc45.html]
[www.narutox.ge/stat/1656256597.gif]
[www.narutox.ge/ecchi.html]
[www.narutox.ge/ecchie70f.html]
[www.narutox.ge/_sf/16/36206640.jpg]
[www.narutox.ge/php/favorite/favorite4df5.html]
[www.narutox.ge/index/8-16821.html]
[www.narutox.ge/stat/1656256600.gif]
[www.narutox.ge/anime/anime_tv/finished/shinchou_yuusha_kono_yuusha_ga_ore_tueee_kuse_ni_shinchou_sugiru_ehtot_geroj_neujazvim_no_ochen_ostorozhen_es_gmiri_udzlevelia_magram_dzalian_prtkhili/9-1-0-1681.html]
[www.narutox.ge/_sf/16/83835934.jpg]
[www.narutox.ge/php/favorite/favorite8c35.html]
[www.narutox.ge/stat/1656256603.gif]
[www.narutox.ge/anime/anime_tv/finished/fairy_gone_tv2_zakat_ehpokhi_fej/9-1-0-1682.html]
[www.narutox.ge/_sf/16/51464057.jpg]
[www.narutox.ge/php/favorite/favoriteb92f.html]
[www.narutox.ge/index/8-16844.html]
[www.narutox.ge/index/8-16923.html]
[www.narutox.ge/index/8-16910.html]
[www.narutox.ge/index/8-16811.html]
[www.narutox.ge/index/8-16789.html]
[www.narutox.ge/index/8-16779.html]
[lh5.googleusercontent.com/-kEnWfrtAjxU/AAAAAAAAAAI/AAAAAAAAAAQ/DTbnCfQCKE0/photo.jpg]
[www.narutox.ge/index/8-16743.html]
[www.narutox.ge/stat/1656256606.gif]
[www.narutox.ge/anime/anime_tv/finished/dr_stone_doktor_stoun_doktor_stouni/9-1-0-1667.html]
[www.narutox.ge/_sf/16/54732573.jpg]
[www.narutox.ge/php/favorite/favoritede17.html]
[www.narutox.ge/php/entry/relatedentryb387.html]
[www.narutox.ge/stat/1656256616.gif]
[www.narutox.ge/anime/anime_tv/finished/psycho_pass_tv3_psikho_pass_psiko_pasporti/9-1-0-1670.html]
[www.narutox.ge/_sf/16/10359255.jpg]
[www.narutox.ge/sml1/catty40.gif]
[www.narutox.ge/php/favorite/favoritec043.html]
[www.narutox.ge/sml1/catty31.gif]
[www.narutox.ge/ava/avatar1/47.jpg]
[www.narutox.ge/index/8-16729.html]
[www.narutox.ge/index/8-14970.html]
[www.narutox.ge/index/8-16499.html]
[www.narutox.ge/index/8-16425.html]
[www.narutox.ge/index/8-16407.html]
[lh4.googleusercontent.com/-Zm4otJcITrM/AAAAAAAAAAI/AAAAAAAAAF0/8S_Bz8QKKtc/photo.jpg]
[www.narutox.ge/index/8-16412.html]
[www.narutox.ge/ava/avatar1/116.jpg]
[www.narutox.ge/index/8-16070.html]
[www.narutox.ge/index/8-16377.html]
[lh6.googleusercontent.com/-75N99cBU7zQ/AAAAAAAAAAI/AAAAAAAAAAQ/8wRmYL_Dgko/photo.jpg]
[www.narutox.ge/avatar/06/3267-054178.jpg]
[www.narutox.ge/.s/img/icon/social/16/vk.png]
[www.narutox.ge/index/8-13575.html]
[www.narutox.ge/index/8-16371.html]
[www.narutox.ge/index/8-16388.html]
[www.narutox.ge/index/8-16344.html]
[www.narutox.ge/images/smiles/naruto/yondaime.gif]
[www.narutox.ge/stat/1656256618.gif]
[www.narutox.ge/anime/anime_tv/finished/fairy_tail_tv3_2018_skazka_o_khvoste_fei_periis_kudi/9-1-0-1636.html]
[www.narutox.ge/_sf/16/54633453.jpg]
[www.narutox.ge/php/favorite/favorite274e.html]
[lh6.googleusercontent.com/-8GBg2ClhaK4/AAAAAAAAAAI/AAAAAAAAAYk/w8nnqbJE6rc/photo.jpg]
[www.narutox.ge/index/8-16769.html]
[lh3.googleusercontent.com/-mmnd1GMQ7cY/AAAAAAAAAAI/AAAAAAAAAQs/4Uize7YSFnQ/photo.jpg]
[www.narutox.ge/index/8-16774.html]
[www.narutox.ge/index/8-16338.html]
[www.narutox.ge/stat/1656256622.gif]
[www.narutox.ge/anime/anime_tv/finished/kimetsu_no_yaiba_klinok_rassekajushhij_demonov_demonta_gamanadgurebeli_khmali/9-1-0-1610.html]
[www.narutox.ge/_sf/15/66610733.jpg]
[www.narutox.ge/php/favorite/favorite5977.html]
[www.narutox.ge/php/entry/relatedentry005d.html]
[www.narutox.ge/index/8-16464.html]
[www.narutox.ge/images/smiles/catty88.gif]
[www.narutox.ge/sml1/catty10.gif]
[www.narutox.ge/index/8-15871.html]
[www.narutox.ge/index/8-15283.html]
[lh6.googleusercontent.com/-Sg0htGH3t6o/AAAAAAAAAAI/AAAAAAAAAL8/ZOX6Eiu_OSY/photo.png]
[www.narutox.ge/index/8-16065.html]
[www.narutox.ge/index/8-15826.html]
[www.narutox.ge/index/8-16312.html]
[www.narutox.ge/index/8-16060.html]
[www.narutox.ge/images/smiles/catty29.gif]
[www.narutox.ge/sml1/15.gif]
[www.narutox.ge/sml1/1/10.gif]
[www.narutox.ge/stat/1656256626.gif]
[www.narutox.ge/anime/anime_tv/finished/danmachi_tv2_dungeon_ni_deai_wo_motomeru_no_wa_machigatteiru_darou_ka_familia_myth_mozhet_ja_vstrechu_tebja_v_podzemele_2_sezon/9-1-0-1581.html]
[www.narutox.ge/_sf/16/48285906.jpg]
[www.narutox.ge/_sf/16/27890248.jpg]
[www.narutox.ge/anime/anime_tv/anime_news/mivitsqebuli_khmebis_mtatsebelni/44-1-0-1643.html]
[www.narutox.ge/anime/anime_tv/announcement/shikioriori_flavors_of_youth/48-1-0-1615.html]
[www.narutox.ge/_sf/15/40883495.jpg]
[www.narutox.ge/anime/anime_tv/announcement/berserk_2018_berserk_berserki/48-1-0-1531.html]
[www.narutox.ge/_sf/15/98596501.jpg]
[www.narutox.ge/anime/anime_tv/finished/isekai_wa_smartphone_to_tomo_ni_in_another_world_with_my_smartphone_v_drugom_mire_so_smartfonom/9-1-0-1517.html]
[www.narutox.ge/_sf/15/48629968.jpg]
[www.narutox.ge/anime/anime_tv/finished/sukasuka_shuumatsu_nani_shitemasu_ka_isogashii_desu_ka_sukutte_moratte_ii_desu_ka_esli_ty_budesh_ne_zanjat_spasjosh_menja_ot_apokalipsisa/9-1-0-1520.html]
[www.narutox.ge/_sf/14/06176581.jpg]
[www.narutox.ge/anime/anime_tv/finished/eromanga_sensei_ehromanga_sensej_eromanga_sensei/9-1-0-1497.html]
[www.narutox.ge/_sf/14/91937965.jpg]
[www.narutox.ge/_sf/14/67908214.jpg]
[www.narutox.ge/anime/anime_tv/finished/berserk_2017_berserk_berserki/9-1-0-1484.html]
[www.narutox.ge/_sf/14/66461033.jpg]
[www.narutox.ge/anime/anime_tv/finished/rewrite_moon_and_terra_tv2_perezapis_luna_i_zemlja/9-1-0-1499.html]
[www.narutox.ge/anime/anime_tv/finished/masamune_kun_no_revenge_masamune_kun_39_s_revenge_mest_masamuneh_masamunes_shurisdzieba/9-1-0-1489.html]
[www.narutox.ge/_sf/14/80275140.jpg]
[www.narutox.ge/_sf/14/56790391.jpg]
[www.narutox.ge/anime/anime_tv/finished/kyoukai_no_rinne_tv2_rin_ne_rinneh_mezh_dvukh_mirov_tv_2/9-1-0-1457.html]
[www.narutox.ge/_sf/11/28441743.jpg]
[www.narutox.ge/anime/anime_tv/finished/watashi_ga_motete_dousunda_kiss_him_not_me_ja_trebuju_jaoja/9-1-0-1455.html]
[www.narutox.ge/anime/anime_tv/finished/shigatsu_wa_kimi_no_uso_aprel_ehto_tvoja_lozh/9-1-0-1130.html]
[www.narutox.ge/_sf/11/18300157.jpg]
[www.narutox.ge/anime/anime_tv/finished/dungeon_ni_deai_wo_motomeru_no_wa_machigatteiru_darou_ka_mozhet_ja_vstrechu_tebja_v_podzemele/9-1-0-1168.html]
[www.narutox.ge/_sf/14/13629384.jpg]
[www.narutox.ge/anime/anime_tv/finished/hachimitsu_to_clover_honey_and_clover_med_i_klever_tapli_da_samqura/9-1-0-1445.html]
[www.narutox.ge/_sf/14/55077511.jpg]
[www.narutox.ge/anime/anime_tv/finished/dragon_crisis_drakonij_krizis_drakonis_krizisi/9-1-0-1443.html]
[www.narutox.ge/romance87da.html]
[www.narutox.ge/romancedc45.html]
[www.narutox.ge/romance762e.html]
[www.narutox.ge/stat/1656256629.gif]
[www.narutox.ge/romance21ed.html]
[www.narutox.ge/romance.html]
[www.narutox.ge/stat/1656256631.gif]
[www.narutox.ge/anime/index87da.html]
[www.narutox.ge/anime/indexacd1.html]
[www.narutox.ge/anime/indexe70f.html]
[www.narutox.ge/stat/1656256632.gif]
[www.narutox.ge/anime/indexdc45.html]
[www.narutox.ge/anime/index6af4.html]
[www.narutox.ge/_sf/1/54588120.jpg]
[www.narutox.ge/_sf/1/75146112.jpg]
[www.narutox.ge/anime/anime_tv/finished/brave_10_khrabraja_10/9-1-0-115.html]
[www.narutox.ge/_sf/1/78542945.jpg]
[www.narutox.ge/anime/anime_tv/finished/guilty_crown_korona_grekha/9-1-0-118.html]
[www.narutox.ge/anime/anime_tv/finished/hagure_yuusha_no_aesthetica_ehstetika_zabludshego_geroja/9-1-0-113.html]
[www.narutox.ge/_sf/1/78715608.jpg]
[www.narutox.ge/anime/anime_tv/finished/mushishi_bug_master_master_musi/9-1-0-123.html]
[www.narutox.ge/_sf/1/23383161.jpg]
[www.narutox.ge/anime/anime_tv/finished/fighting_spirit_the_first_step_hajime_no_ippo_pervyj_shag_tv1/9-1-0-106.html]
[www.narutox.ge/_sf/0/41653461.jpg]
[www.narutox.ge/_sf/0/01923962.jpg]
[www.narutox.ge/anime/anime_tv/finished/rave_master_rehjv_master/9-1-0-98.html]
[www.narutox.ge/anime/anime_tv/finished/kenpuu_denki_berserk_berserk_berserk/9-1-0-99.html]
[www.narutox.ge/_sf/1/12703338.jpg]
[www.narutox.ge/anime/anime_tv/finished/detroit_metal_city_detrojt_gorod_metalla/9-1-0-103.html]
[www.narutox.ge/_sf/0/35063552.jpg]
[www.narutox.ge/_sf/0/16389036.jpg]
[www.narutox.ge/anime/anime_tv/finished/hoshizora_e_kakaru_hashi_a_bridge_to_the_starry_skies_most_v_zvezdnoe_nebo/9-1-0-94.html]
[www.narutox.ge/anime/anime_tv/movies/golden_boy_zolotoj_paren/6-1-0-88.html]
[www.narutox.ge/_sf/0/67262572.jpg]
[www.narutox.ge/anime/anime_tv/finished/ben_to_behnto/9-1-0-96.html]
[www.narutox.ge/_sf/0/41242616.jpg]
[www.narutox.ge/anime/anime_tv/finished/giant_killing_vynos_gigantov/9-1-0-89.html]
[www.narutox.ge/_sf/0/42495699.jpg]
[www.narutox.ge/anime/anime_tv/cartoon_finished/wakfu_tv1_vakfu_tv1/36-1-0-83.html]
[www.narutox.ge/_sf/0/35466838.jpg]
[www.narutox.ge/_sf/0/69646438.jpg]
[www.narutox.ge/anime/anime_tv/finished/rurouni_kenshin_meiji_kenkaku_romantan_samurai_x_brodjaga_kehnsin/9-1-0-69.html]
[www.narutox.ge/anime/anime_tv/finished/usagi_drop_bunny_drop_broshennyj_krolik/9-1-0-81.html]
[www.narutox.ge/_sf/0/11179777.jpg]
[www.narutox.ge/anime/anime_tv/cartoon_finished/avatar_legenda_ob_aange_avatar_the_last_airbender/36-1-0-39.html]
[www.narutox.ge/stat/1656256634.gif]
[www.narutox.ge/anime/index06f9.html]
[www.narutox.ge/anime/index68c8.html]
[www.narutox.ge/anime/index6c48.html]
[www.narutox.ge/_sf/0/65790157.jpg]
[www.narutox.ge/anime/anime_tv/finished/kore_wa_zombie_desuka_uzh_ne_zombi_li_ehto_nutu_zombia/9-1-0-52.html]
[www.narutox.ge/_sf/0/23273715.jpg]
[www.narutox.ge/anime/anime_tv/finished/kaichou_wa_maid_sama_class_president_is_a_maid_prezident_gornichnaja/9-1-0-60.html]
[www.narutox.ge/_sf/0/37246188.jpg]
[www.narutox.ge/anime/anime_tv/finished/kissxsis_tv_poceluj_sestjor_tv/9-1-0-61.html]
[www.narutox.ge/_sf/0/73793333.jpg]
[www.narutox.ge/anime/anime_tv/cartoon_finished/avatar_the_legend_of_korra_avatar_legenda_o_korre/36-1-0-40.html]
[www.narutox.ge/_sf/0/92487580.jpg]
[www.narutox.ge/anime/anime_tv/finished/the_law_of_ueki_ueki_no_hosoku_zakon_uehki/9-1-0-46.html]
[www.narutox.ge/_sf/0/37936285.jpg]
[www.narutox.ge/anime/anime_tv/finished/d_gray_man_grehj_men/9-1-0-63.html]
[www.narutox.ge/_sf/0/75123845.jpg]
[www.narutox.ge/_sf/0/12514037.jpg]
[www.narutox.ge/anime/anime_tv/finished/great_teacher_onizuka_gto_krutoj_uchitel_onidzuka/9-1-0-47.html]
[www.narutox.ge/anime/anime_tv/finished/tiger_and_bunny_tigr_i_krolik/9-1-0-50.html]
[www.narutox.ge/_sf/0/87093431.jpg]
[www.narutox.ge/anime/anime_tv/finished/soul_eater_pozhiratel_dush/9-1-0-20.html]
[www.narutox.ge/_sf/0/05269679.jpg]
[www.narutox.ge/anime/anime_tv/finished/rainbow_nisha_rokubou_no_shichinin_raduga_semero_iz_shestoj_kamery/9-1-0-38.html]
[www.narutox.ge/_sf/0/88621296.jpg]
[www.narutox.ge/anime/anime_tv/finished/mawaru_penguin_drum_pingvinij_baraban/9-1-0-14.html]
[www.narutox.ge/_sf/0/47559535.jpg]
[www.narutox.ge/anime/anime_tv/finished/beelzebub_velzevul/9-1-0-30.html]
[www.narutox.ge/_sf/0/83325824.jpg]
[www.narutox.ge/anime/anime_tv/finished/area_no_kishi_paladin_na_pole/9-1-0-28.html]
[www.narutox.ge/_sf/0/70373872.jpg]
[www.narutox.ge/anime/anime_tv/finished/fullmetal_alchemist_stalnoj_alkhimik_rk_39_inis_alkimik_39_osi/9-1-0-36.html]
[www.narutox.ge/stat/1656256635.gif]
[www.narutox.ge/anime/index5943.html]
[www.narutox.ge/anime/anime_tv/finished/9-2.html]
[www.narutox.ge/anime/anime_tv/finished/9-3.html]
[www.narutox.ge/anime/anime_tv/finished/9-27.html]
[www.narutox.ge/anime/anime_tv/finished/9-28.html]
[www.narutox.ge/stat/1656256633.gif]
[www.narutox.ge/anime/anime_tv/finished/9.html]
[www.narutox.ge/_sf/15/60515781.jpg]
[www.narutox.ge/_sf/15/95491461.jpg]
[www.narutox.ge/anime/anime_tv/movies/gyakusatsu_kikan_organ_genocida/6-1-0-1593.html]
[www.narutox.ge/_sf/15/65338489.jpg]
[www.narutox.ge/anime/anime_tv/movies/kuroshitsuji_book_of_the_atlantic_temnyj_dvoreckij_kniga_atlantiki/6-1-0-1524.html]
[www.narutox.ge/_sf/16/31756328.jpg]
[www.narutox.ge/anime/anime_tv/movies/death_note_2017_movie_netflix_tetrad_smerti/6-1-0-1521.html]
[www.narutox.ge/anime/anime_tv/movies/kokurikos_gorakebidan/6-1-0-1602.html]
[www.narutox.ge/_sf/15/52845009.jpg]
[www.narutox.ge/anime/anime_tv/movies/koe_no_katachi_a_silent_voice_the_shape_of_voice_forma_golosa_khmis_porma/6-1-0-1503.html]
[www.narutox.ge/_sf/15/91126075.jpg]
[www.narutox.ge/anime/anime_tv/movies/blame_tanmatsu_ikou_toshi_blame_the_ancient_terminal_city_blejm_gorod_chto_umiraet_s_drevnosti/6-1-0-1504.html]
[www.narutox.ge/_sf/14/05819084.jpg]
[www.narutox.ge/anime/anime_tv/movies/sword_art_online_the_movie_ordinal_scale_sao_mastera_mecha_onlajn_porjadkovyj_rang_film/6-1-0-1479.html]
[www.narutox.ge/_sf/14/76525555.jpg]
[www.narutox.ge/anime/anime_tv/movies/gantz_o_ganc_film/6-1-0-1474.html]
[www.narutox.ge/_sf/14/21907170.jpg]
[www.narutox.ge/anime/anime_tv/movies/fate_grand_order_first_order_sudba_velikaja_kampanija_pervaja_missija/6-1-0-1466.html]
[www.narutox.ge/_sf/14/67459094.jpg]
[www.narutox.ge/anime/anime_tv/movies/little_witch_academia_ova_akademija_vedmochek_patara_jadokris_akademia/6-1-0-1464.html]
[www.narutox.ge/_sf/14/46962870.jpg]
[www.narutox.ge/anime/anime_tv/movies/one_piece_film_gold_van_pis_zoloto_van_pisi_okro/6-1-0-1447.html]
[www.narutox.ge/movies87da.html]
[www.narutox.ge/moviesdc45.html]
[www.narutox.ge/moviese70f.html]
[www.narutox.ge/movies6af4.html]
[www.narutox.ge/stat/1656256638.gif]
[www.narutox.ge/movies.html]
[www.narutox.ge/_sf/15/05910420.jpg]
[www.narutox.ge/anime/anime_tv/finished/centaur_no_nayami_a_centaur_39_s_life_bespokojnyj_kentavr/9-1-0-1547.html]
[www.narutox.ge/_sf/15/39320761.jpg]
[www.narutox.ge/anime/anime_tv/finished/18if_18_malenkikh_esli/9-1-0-1545.html]
[www.narutox.ge/_sf/15/10477880.jpg]
[www.narutox.ge/anime/anime_tv/finished/isekai_shokudou_restaurant_to_another_world_kafe_iz_drugogo_mira/9-1-0-1540.html]
[www.narutox.ge/_sf/15/17574296.jpg]
[www.narutox.ge/anime/anime_tv/finished/castlevania_tv1_kaslvanija_kaslvania/9-1-0-1516.html]
[www.narutox.ge/_sf/14/17857793.jpg]
[www.narutox.ge/_sf/14/22595673.jpg]
[www.narutox.ge/anime/anime_tv/finished/demi_chan_wa_kataritai_interviews_with_monster_girls_dehmi_tjan_khochet_rasskazat_interviu_monstr_gogonebtan/9-1-0-1493.html]
[www.narutox.ge/anime/anime_tv/finished/acca_13_ku_kansatsu_ka_acca_13_territory_inspection_dept_akka_inspekcija_po_13_okrugam_akka_13_raionis_inspektsia/9-1-0-1492.html]
[www.narutox.ge/_sf/14/25899419.jpg]
[www.narutox.ge/anime/anime_tv/finished/hand_shakers_derzhas_za_ruki/9-1-0-1488.html]
[www.narutox.ge/_sf/9/31058198.jpg]
[www.narutox.ge/anime/anime_tv/finished/zankyou_no_terror_rezonans_uzhasa/9-1-0-912.html]
[www.narutox.ge/_sf/12/56884751.jpg]
[www.narutox.ge/anime/anime_tv/movies/dragon_ball_z_movie_15_fukkatsu_no_f_resurrection_39_f_39/6-1-0-1241.html]
[www.narutox.ge/_sf/12/33749913.jpg]
[www.narutox.ge/anime/anime_tv/finished/prison_school_shkola_tjurma_tsikhe_skola/9-1-0-1243.html]
[www.narutox.ge/_sf/11/36195597.jpg]
[www.narutox.ge/anime/anime_tv/finished/gangsta_bandity/9-1-0-1193.html]
[www.narutox.ge/_sf/11/82338821.jpg]
[www.narutox.ge/_sf/9/69229966.jpg]
[www.narutox.ge/anime/anime_tv/finished/ansatsu_kyoushitsu_assassination_classroom_klass_ubijc/9-1-0-1126.html]
[www.narutox.ge/anime/anime_tv/finished/aldnoah_zero_aldnoa_zero/9-1-0-939.html]
[www.narutox.ge/_sf/6/40646684.jpg]
[www.narutox.ge/anime/anime_tv/cartoon_finished/hulk_and_the_agents_of_s_m_a_s_h_khalk_i_agenty_u_d_a_r/36-1-0-609.html]
[www.narutox.ge/_sf/7/52937055.jpg]
[www.narutox.ge/anime/anime_tv/finished/black_bullet_chernaja_pulja_shavi_t_39_qvia/9-1-0-730.html]
[www.narutox.ge/english_dubbed87da.html]
[www.narutox.ge/stat/1656256644.gif]
[www.narutox.ge/english_dubbed.html]
[www.narutox.ge/_sf/16/53842040.jpg]
[www.narutox.ge/anime/anime_tv/anime_news/redlaini/44-1-0-1640.html]
[www.narutox.ge/_sf/16/60599682.jpg]
[www.narutox.ge/anime/anime_tv/anime_news/code_geass_lelouch_of_the_rebellion_tv1_kod_gias_vosstavshij_lelush_kodi_geasi_ambokhebuli_lulushi/44-1-0-1633.html]
[www.narutox.ge/georgian87da.html]
[www.narutox.ge/georgiandc45.html]
[www.narutox.ge/stat/1656256645.gif]
[www.narutox.ge/georgian.html]
[www.narutox.ge/_sf/16/70726869.jpg]
[www.narutox.ge/_sf/15/95499458.jpg]
[www.narutox.ge/anime/anime_tv/announcement/mirai_no_mirai_miraj_iz_budushhego_mirai_momavlidan/48-1-0-1608.html]
[www.narutox.ge/anime/anime_tv/announcement/bleach_2018_live_action/48-1-0-1597.html]
[www.narutox.ge/_sf/15/49361240.jpg]
[www.narutox.ge/anime/anime_tv/announcement/made_in_abyss_tv2_sozdannyj_v_bezdne_upskrulshi_shekmnili/48-1-0-1555.html]
[www.narutox.ge/_sf/15/18003617.jpg]
[www.narutox.ge/anime/anime_tv/announcement/drifters_tv2_skitalcy_matsantsalebi/48-1-0-1534.html]
[www.narutox.ge/stat/1656256647.gif]
[www.narutox.ge/anime/anime_tv/announcement/48.html]
[www.narutox.ge/_sf/16/36134659.jpg]
[www.narutox.ge/anime/year/ova/trollhunters_tv3_okhotniki_na_trollej_trolebze_monadire/4-1-0-1601.html]
[www.narutox.ge/_sf/0/83974643.jpg]
[www.narutox.ge/anime/year/2012/teenage_mutant_ninja_turtles/24-1-0-13.html]
[www.narutox.ge/_sf/14/30010198.jpg]
[www.narutox.ge/anime/year/pc_games/guardians_of_the_galaxy_tv2_strazhi_galaktiki_galaktikis_mtsvelebi/22-1-0-1477.html]
[www.narutox.ge/_sf/14/68602332.jpg]
[www.narutox.ge/_sf/14/09340980.jpg]
[www.narutox.ge/anime/anime_tv/cartoon_finished/samurai_jack_tv5_samuraj_dzhek_samurai_jeki/36-1-0-1478.html]
[www.narutox.ge/anime/year/2016/star_wars_rebels_tv3_zvjozdnye_vojny_povstancy/46-1-0-1415.html]
[www.narutox.ge/_sf/14/03580281.jpg]
[www.narutox.ge/_sf/1/11258836.jpg]
[www.narutox.ge/anime/anime_tv/finished/trollhunters_okhotniki_na_trollej_trolebze_monadire/9-1-0-1467.html]
[www.narutox.ge/anime/anime_tv/cartoon_finished/ultimate_spider_man_sovershennyj_chelovek_pauk/36-1-0-185.html]
[www.narutox.ge/_sf/12/43385330.jpg]
[www.narutox.ge/anime/anime_tv/cartoon_finished/dragons_tv3_race_to_the_edge_drakony_gonka_na_grani/36-1-0-1268.html]
[www.narutox.ge/_sf/12/38380429.jpg]
[www.narutox.ge/anime/anime_tv/cartoon_finished/guardians_of_the_galaxy_strazhi_galaktiki/36-1-0-1246.html]
[www.narutox.ge/_sf/12/72577796.jpg]
[www.narutox.ge/anime/year/2015/star_wars_rebels_tv2_zvjozdnye_vojny_povstancy/42-1-0-1269.html]
[www.narutox.ge/_sf/10/88455257.jpg]
[www.narutox.ge/anime/year/2014/star_wars_rebels/45-1-0-1019.html]
[www.narutox.ge/_sf/2/73570982.jpg]
[www.narutox.ge/anime/year/2012/ben_10_omniverse_ben_10_omnivers_ben_10_omniversi/24-1-0-254.html]
[www.narutox.ge/_sf/4/64898600.jpg]
[www.narutox.ge/anime/anime_tv/cartoon_finished/green_lantern_zelenyj_fonar_mts_39_vane_panari/36-1-0-430.html]
[www.narutox.ge/_sf/8/99706696.jpg]
[www.narutox.ge/anime/anime_tv/cartoon_finished/phineas_and_ferb_fines_i_ferb/36-1-0-892.html]
[www.narutox.ge/_sf/8/56932310.jpg]
[www.narutox.ge/anime/anime_tv/cartoon_finished/w_i_t_c_h_charodejki/36-1-0-879.html]
[www.narutox.ge/_sf/8/66507466.jpg]
[www.narutox.ge/anime/anime_tv/cartoon_finished/storm_hawks_nebesnye_rycari/36-1-0-870.html]
[www.narutox.ge/_sf/5/97006374.jpg]
[www.narutox.ge/anime/anime_tv/cartoon_finished/avengers_assemble_mstiteli_obshhij_sbor_shurismadzieblebis_shek_39_reba/36-1-0-571.html]
[www.narutox.ge/_sf/6/61276288.jpg]
[www.narutox.ge/anime/anime_tv/cartoon_finished/beware_the_batman_osteregajtes_behtmehna/36-1-0-605.html]
[www.narutox.ge/_sf/6/66101205.jpg]
[www.narutox.ge/anime/year/2013/adventure_time/33-1-0-625.html]
[www.narutox.ge/cartoon87da.html]
[www.narutox.ge/stat/1656256648.gif]
[www.narutox.ge/cartoon.html]
[www.narutox.ge/_sf/15/80797839.jpg]
[www.narutox.ge/_sf/15/65434427.jpg]
[www.narutox.ge/anime/anime_tv/finished/full_metal_panic_invisible_victory_tv4_stalnaja_trevoga_rkinis_gangashi/9-1-0-1566.html]
[www.narutox.ge/anime/anime_tv/finished/darling_in_the_franxx_ljubimyj_vo_frankce/9-1-0-1576.html]
[www.narutox.ge/_sf/14/39462055.jpg]
[www.narutox.ge/kidou_senshi_gundam_tekketsu_no_orphans_season_02.html]
[www.narutox.ge/_sf/13/10415647.jpg]
[www.narutox.ge/anime/anime_tv/finished/bubuki_buranki_bbk_brnk_bubuki_buranki/9-1-0-1395.html]
[www.narutox.ge/_sf/14/69144444.jpg]
[www.narutox.ge/anime/anime_tv/finished/kuromukuro_black_corpse_chjornyj_khrom_shavi_kromi/9-1-0-1440.html]
[www.narutox.ge/_sf/13/30959232.jpg]
[www.narutox.ge/anime/anime_tv/finished/schwarzesmarken_chernye_metki/9-1-0-1396.html]
[www.narutox.ge/_sf/13/71091024.jpg]
[www.narutox.ge/anime/anime_tv/finished/kidou_senshi_gundam_tekketsu_no_orphans_mobilnyj_dospekh_gandam_stalnokrovnye_siroty/9-1-0-1389.html]
[www.narutox.ge/_sf/0/32974729.jpg]
[www.narutox.ge/anime/anime_tv/movies/code_geass_boukoku_no_akito/6-1-0-19.html]
[www.narutox.ge/_sf/13/21695765.jpg]
[www.narutox.ge/anime/anime_tv/movies/rakuen_tsuihou_expelled_from_paradise_izgnannye_iz_raja_edemidan_gamodzevebulebi/6-1-0-1360.html]
[www.narutox.ge/_sf/13/38737423.jpg]
[www.narutox.ge/anime/anime_tv/movies/chu_feng_bee_boevye_pchjolki_mebrdzoli_putkrebi/6-1-0-1356.html]
[www.narutox.ge/_sf/5/06644316.jpg]
[www.narutox.ge/anime/anime_tv/finished/ginga_kikoutai_majestic_prince_poslednij_rubezh_zashhitniki_galaktiki/9-1-0-536.html]
[www.narutox.ge/_sf/1/19401285.jpg]
[www.narutox.ge/anime/anime_tv/finished/code_geass_lelouch_of_the_rebellion_tv2_kod_gias_vosstavshij_lelush_tv2/9-1-0-144.html]
[www.narutox.ge/_sf/0/67411397.jpg]
[www.narutox.ge/anime/anime_tv/finished/tengen_toppa_gurren_lagann_gurren_lagann/9-1-0-91.html]
[www.narutox.ge/mecha.html]
[www.narutox.ge/sport.html]
[www.narutox.ge/2016.html]
[www.narutox.ge/anime/year/2015/42.html]
